Component: ARM Compiler 5.06 update 7 (build 960) Tool: armlink [4d3601]

==============================================================================

Section Cross References

    stm32f1xx_hal_msp.o(i.HAL_MspInit) refers to stm32f1xx_hal_cortex.o(i.HAL_NVIC_SetPriorityGrouping) for HAL_NVIC_SetPriorityGrouping
    stm32f1xx_hal_msp.o(i.HAL_MspInit) refers to stm32f1xx_hal_cortex.o(i.HAL_NVIC_SetPriority) for HAL_NVIC_SetPriority
    stm32f1xx_hal_msp.o(i.HAL_UART_MspDeInit) refers to stm32f1xx_hal_gpio.o(i.HAL_GPIO_DeInit) for HAL_GPIO_DeInit
    stm32f1xx_hal_msp.o(i.HAL_UART_MspDeInit) refers to stm32f1xx_hal_dma.o(i.HAL_DMA_DeInit) for HAL_DMA_DeInit
    stm32f1xx_hal_msp.o(i.HAL_UART_MspDeInit) refers to stm32f1xx_hal_cortex.o(i.HAL_NVIC_DisableIRQ) for HAL_NVIC_DisableIRQ
    stm32f1xx_hal_msp.o(i.HAL_UART_MspInit) refers to stm32f1xx_hal_gpio.o(i.HAL_GPIO_Init) for HAL_GPIO_Init
    stm32f1xx_hal_msp.o(i.HAL_UART_MspInit) refers to stm32f1xx_hal_dma.o(i.HAL_DMA_Init) for HAL_DMA_Init
    stm32f1xx_hal_msp.o(i.HAL_UART_MspInit) refers to main.o(i._Error_Handler) for _Error_Handler
    stm32f1xx_hal_msp.o(i.HAL_UART_MspInit) refers to stm32f1xx_hal_cortex.o(i.HAL_NVIC_SetPriority) for HAL_NVIC_SetPriority
    stm32f1xx_hal_msp.o(i.HAL_UART_MspInit) refers to stm32f1xx_hal_cortex.o(i.HAL_NVIC_EnableIRQ) for HAL_NVIC_EnableIRQ
    stm32f1xx_hal_msp.o(i.HAL_UART_MspInit) refers to main.o(.bss) for hdma_usart2_tx
    stm32f1xx_it.o(i.DMA1_Channel7_IRQHandler) refers to stm32f1xx_hal_dma.o(i.HAL_DMA_IRQHandler) for HAL_DMA_IRQHandler
    stm32f1xx_it.o(i.DMA1_Channel7_IRQHandler) refers to main.o(.bss) for hdma_usart2_tx
    stm32f1xx_it.o(i.SysTick_Handler) refers to stm32f1xx_hal.o(i.HAL_IncTick) for HAL_IncTick
    stm32f1xx_it.o(i.SysTick_Handler) refers to stm32f1xx_hal_cortex.o(i.HAL_SYSTICK_IRQHandler) for HAL_SYSTICK_IRQHandler
    stm32f1xx_it.o(i.USART2_IRQHandler) refers to stm32f1xx_hal_uart.o(i.HAL_UART_IRQHandler) for HAL_UART_IRQHandler
    stm32f1xx_it.o(i.USART2_IRQHandler) refers to main.o(.bss) for huart2
    main.o(i.MX_DMA_Init) refers to stm32f1xx_hal_cortex.o(i.HAL_NVIC_SetPriority) for HAL_NVIC_SetPriority
    main.o(i.MX_DMA_Init) refers to stm32f1xx_hal_cortex.o(i.HAL_NVIC_EnableIRQ) for HAL_NVIC_EnableIRQ
    main.o(i.MX_GPIO_Init) refers to stm32f1xx_hal_gpio.o(i.HAL_GPIO_WritePin) for HAL_GPIO_WritePin
    main.o(i.MX_GPIO_Init) refers to stm32f1xx_hal_gpio.o(i.HAL_GPIO_Init) for HAL_GPIO_Init
    main.o(i.MX_USART2_UART_Init) refers to stm32f1xx_hal_uart.o(i.HAL_UART_Init) for HAL_UART_Init
    main.o(i.MX_USART2_UART_Init) refers to main.o(i._Error_Handler) for _Error_Handler
    main.o(i.MX_USART2_UART_Init) refers to main.o(.bss) for .bss
    main.o(i.NaiveBayes) refers to _printf_percent.o(.ARM.Collect$$_printf_percent$$00000000) for _printf_percent
    main.o(i.NaiveBayes) refers to _printf_u.o(.ARM.Collect$$_printf_percent$$0000000A) for _printf_u
    main.o(i.NaiveBayes) refers to _printf_dec.o(.text) for _printf_int_dec
    main.o(i.NaiveBayes) refers to bayesfunctions.o(i.arm_gaussian_naive_bayes_predict_f32) for arm_gaussian_naive_bayes_predict_f32
    main.o(i.NaiveBayes) refers to noretval__2sprintf.o(.text) for __2sprintf
    main.o(i.NaiveBayes) refers to strlen.o(.text) for strlen
    main.o(i.NaiveBayes) refers to stm32f1xx_hal_uart.o(i.HAL_UART_Transmit) for HAL_UART_Transmit
    main.o(i.NaiveBayes) refers to main.o(.bss) for .bss
    main.o(i.NaiveBayes) refers to main.o(.constdata) for .constdata
    main.o(i.NaiveBayesParams) refers to _printf_percent.o(.ARM.Collect$$_printf_percent$$00000000) for _printf_percent
    main.o(i.NaiveBayesParams) refers to _printf_u.o(.ARM.Collect$$_printf_percent$$0000000A) for _printf_u
    main.o(i.NaiveBayesParams) refers to _printf_f.o(.ARM.Collect$$_printf_percent$$00000003) for _printf_f
    main.o(i.NaiveBayesParams) refers to _printf_dec.o(.text) for _printf_int_dec
    main.o(i.NaiveBayesParams) refers to printf1.o(x$fpl$printf1) for _printf_fp_dec
    main.o(i.NaiveBayesParams) refers to d2f.o(x$fpl$d2f) for __aeabi_d2f
    main.o(i.NaiveBayesParams) refers to bayesfunctions.o(i.arm_gaussian_naive_bayes_predict_f32) for arm_gaussian_naive_bayes_predict_f32
    main.o(i.NaiveBayesParams) refers to noretval__2sprintf.o(.text) for __2sprintf
    main.o(i.NaiveBayesParams) refers to strlen.o(.text) for strlen
    main.o(i.NaiveBayesParams) refers to stm32f1xx_hal_uart.o(i.HAL_UART_Transmit) for HAL_UART_Transmit
    main.o(i.NaiveBayesParams) refers to main.o(.bss) for .bss
    main.o(i.NaiveBayesParams) refers to main.o(.constdata) for .constdata
    main.o(i.SystemClock_Config) refers to stm32f1xx_hal_rcc.o(i.HAL_RCC_OscConfig) for HAL_RCC_OscConfig
    main.o(i.SystemClock_Config) refers to main.o(i._Error_Handler) for _Error_Handler
    main.o(i.SystemClock_Config) refers to stm32f1xx_hal_rcc.o(i.HAL_RCC_ClockConfig) for HAL_RCC_ClockConfig
[...]
    ..\Drivers\STM32F1xx_HAL_Driver\Src\stm32f1xx_hal_rcc_ex.c 0x00000000   Number         0  stm32f1xx_hal_rcc_ex.o ABSOLUTE
    ..\Drivers\STM32F1xx_HAL_Driver\Src\stm32f1xx_hal_tim.c 0x00000000   Number         0  stm32f1xx_hal_tim.o ABSOLUTE
    ..\Drivers\STM32F1xx_HAL_Driver\Src\stm32f1xx_hal_tim_ex.c 0x00000000   Number         0  stm32f1xx_hal_tim_ex.o ABSOLUTE
    ..\Drivers\STM32F1xx_HAL_Driver\Src\stm32f1xx_hal_uart.c 0x00000000   Number         0  stm32f1xx_hal_uart.o ABSOLUTE
    ..\Src\main.c                            0x00000000   Number         0  main.o ABSOLUTE
    ..\Src\stm32f1xx_hal_msp.c               0x00000000   Number         0  stm32f1xx_hal_msp.o ABSOLUTE
    ..\Src\stm32f1xx_it.c                    0x00000000   Number         0  stm32f1xx_it.o ABSOLUTE
    ..\Src\system_stm32f1xx.c                0x00000000   Number         0  system_stm32f1xx.o ABSOLUTE
    D:\Softwares\Installed\Keil_5\Packs\ARM\CMSIS\5.7.0\CMSIS\DSP\Source\BasicMathFunctions\BasicMathFunctions.c 0x00000000   Number         0  basicmathfunctions.o ABSOLUTE
    D:\Softwares\Installed\Keil_5\Packs\ARM\CMSIS\5.7.0\CMSIS\DSP\Source\BayesFunctions\BayesFunctions.c 0x00000000   Number         0  bayesfunctions.o ABSOLUTE
    D:\Softwares\Installed\Keil_5\Packs\ARM\CMSIS\5.7.0\CMSIS\DSP\Source\CommonTables\CommonTables.c 0x00000000   Number         0  commontables.o ABSOLUTE
    D:\Softwares\Installed\Keil_5\Packs\ARM\CMSIS\5.7.0\CMSIS\DSP\Source\ComplexMathFunctions\ComplexMathFunctions.c 0x00000000   Number         0  complexmathfunctions.o ABSOLUTE
    D:\Softwares\Installed\Keil_5\Packs\ARM\CMSIS\5.7.0\CMSIS\DSP\Source\ControllerFunctions\ControllerFunctions.c 0x00000000   Number         0  controllerfunctions.o ABSOLUTE
    D:\Softwares\Installed\Keil_5\Packs\ARM\CMSIS\5.7.0\CMSIS\DSP\Source\DistanceFunctions\DistanceFunctions.c 0x00000000   Number         0  distancefunctions.o ABSOLUTE
    D:\Softwares\Installed\Keil_5\Packs\ARM\CMSIS\5.7.0\CMSIS\DSP\Source\FastMathFunctions\FastMathFunctions.c 0x00000000   Number         0  fastmathfunctions.o ABSOLUTE
    D:\Softwares\Installed\Keil_5\Packs\ARM\CMSIS\5.7.0\CMSIS\DSP\Source\FilteringFunctions\FilteringFunctions.c 0x00000000   Number         0  filteringfunctions.o ABSOLUTE
    D:\Softwares\Installed\Keil_5\Packs\ARM\CMSIS\5.7.0\CMSIS\DSP\Source\MatrixFunctions\MatrixFunctions.c 0x00000000   Number         0  matrixfunctions.o ABSOLUTE
    D:\Softwares\Installed\Keil_5\Packs\ARM\CMSIS\5.7.0\CMSIS\DSP\Source\SVMFunctions\SVMFunctions.c 0x00000000   Number         0  svmfunctions.o ABSOLUTE
    D:\Softwares\Installed\Keil_5\Packs\ARM\CMSIS\5.7.0\CMSIS\DSP\Source\StatisticsFunctions\StatisticsFunctions.c 0x00000000   Number         0  statisticsfunctions.o ABSOLUTE
    D:\Softwares\Installed\Keil_5\Packs\ARM\CMSIS\5.7.0\CMSIS\DSP\Source\SupportFunctions\SupportFunctions.c 0x00000000   Number         0  supportfunctions.o ABSOLUTE
    D:\Softwares\Installed\Keil_5\Packs\ARM\CMSIS\5.7.0\CMSIS\DSP\Source\TransformFunctions\TransformFunctions.c 0x00000000   Number         0  transformfunctions.o ABSOLUTE
    D:\\Softwares\\Installed\\Keil_5\\Packs\\ARM\\CMSIS\\5.7.0\\CMSIS\\DSP\\Source\\BasicMathFunctions\\BasicMathFunctions.c 0x00000000   Number         0  basicmathfunctions.o ABSOLUTE
    D:\\Softwares\\Installed\\Keil_5\\Packs\\ARM\\CMSIS\\5.7.0\\CMSIS\\DSP\\Source\\BayesFunctions\\BayesFunctions.c 0x00000000   Number         0  bayesfunctions.o ABSOLUTE
    D:\\Softwares\\Installed\\Keil_5\\Packs\\ARM\\CMSIS\\5.7.0\\CMSIS\\DSP\\Source\\CommonTables\\CommonTables.c 0x00000000   Number         0  commontables.o ABSOLUTE
    D:\\Softwares\\Installed\\Keil_5\\Packs\\ARM\\CMSIS\\5.7.0\\CMSIS\\DSP\\Source\\ComplexMathFunctions\\ComplexMathFunctions.c 0x00000000   Number         0  complexmathfunctions.o ABSOLUTE
    D:\\Softwares\\Installed\\Keil_5\\Packs\\ARM\\CMSIS\\5.7.0\\CMSIS\\DSP\\Source\\ControllerFunctions\\ControllerFunctions.c 0x00000000   Number         0  controllerfunctions.o ABSOLUTE
    D:\\Softwares\\Installed\\Keil_5\\Packs\\ARM\\CMSIS\\5.7.0\\CMSIS\\DSP\\Source\\DistanceFunctions\\DistanceFunctions.c 0x00000000   Number         0  distancefunctions.o ABSOLUTE
    D:\\Softwares\\Installed\\Keil_5\\Packs\\ARM\\CMSIS\\5.7.0\\CMSIS\\DSP\\Source\\FastMathFunctions\\FastMathFunctions.c 0x00000000   Number         0  fastmathfunctions.o ABSOLUTE
    D:\\Softwares\\Installed\\Keil_5\\Packs\\ARM\\CMSIS\\5.7.0\\CMSIS\\DSP\\Source\\FilteringFunctions\\FilteringFunctions.c 0x00000000   Number         0  filteringfunctions.o ABSOLUTE
    D:\\Softwares\\Installed\\Keil_5\\Packs\\ARM\\CMSIS\\5.7.0\\CMSIS\\DSP\\Source\\MatrixFunctions\\MatrixFunctions.c 0x00000000   Number         0  matrixfunctions.o ABSOLUTE
    D:\\Softwares\\Installed\\Keil_5\\Packs\\ARM\\CMSIS\\5.7.0\\CMSIS\\DSP\\Source\\SVMFunctions\\SVMFunctions.c 0x00000000   Number         0  svmfunctions.o ABSOLUTE
    D:\\Softwares\\Installed\\Keil_5\\Packs\\ARM\\CMSIS\\5.7.0\\CMSIS\\DSP\\Source\\StatisticsFunctions\\StatisticsFunctions.c 0x00000000   Number         0  statisticsfunctions.o ABSOLUTE
    D:\\Softwares\\Installed\\Keil_5\\Packs\\ARM\\CMSIS\\5.7.0\\CMSIS\\DSP\\Source\\SupportFunctions\\SupportFunctions.c 0x00000000   Number         0  supportfunctions.o ABSOLUTE
    D:\\Softwares\\Installed\\Keil_5\\Packs\\ARM\\CMSIS\\5.7.0\\CMSIS\\DSP\\Source\\TransformFunctions\\TransformFunctions.c 0x00000000   Number         0  transformfunctions.o ABSOLUTE
    dc.s                                     0x00000000   Number         0  dc.o ABSOLUTE
    startup_stm32f103xb.s                    0x00000000   Number         0  startup_stm32f103xb.o ABSOLUTE
    RESET                                    0x08000000   Section      236  startup_stm32f103xb.o(RESET)
    !!!main                                  0x080000ec   Section        8  __main.o(!!!main)
    !!!scatter                               0x080000f4   Section       52  __scatter.o(!!!scatter)
    !!handler_copy                           0x08000128   Section       26  __scatter_copy.o(!!handler_copy)
    !!handler_zi                             0x08000144   Section       28  __scatter_zi.o(!!handler_zi)
    .ARM.Collect$$_printf_percent$$00000000  0x08000160   Section        0  _printf_percent.o(.ARM.Collect$$_printf_percent$$00000000)
    .ARM.Collect$$_printf_percent$$00000003  0x08000160   Section        6  _printf_f.o(.ARM.Collect$$_printf_percent$$00000003)
    .ARM.Collect$$_printf_percent$$0000000A  0x08000166   Section        6  _printf_u.o(.ARM.Collect$$_printf_percent$$0000000A)
    .ARM.Collect$$_printf_percent$$00000017  0x0800016c   Section        4  _printf_percent_end.o(.ARM.Collect$$_printf_percent$$00000017)
    .ARM.Collect$$libinit$$00000000          0x08000170   Section        2  libinit.o(.ARM.Collect$$libinit$$00000000)
    .ARM.Collect$$libinit$$00000002          0x08000172   Section        0  libinit2.o(.ARM.Collect$$libinit$$00000002)
    .ARM.Collect$$libinit$$00000004          0x08000172   Section        0  libinit2.o(.ARM.Collect$$libinit$$00000004)
    .ARM.Collect$$libinit$$0000000A          0x08000172   Section        0  libinit2.o(.ARM.Collect$$libinit$$0000000A)
    .ARM.Collect$$libinit$$0000000C          0x08000172   Section        0  libinit2.o(.ARM.Collect$$libinit$$0000000C)
    .ARM.Collect$$libinit$$0000000D          0x08000172   Section        4  libinit2.o(.ARM.Collect$$libinit$$0000000D)
    .ARM.Collect$$libinit$$0000000E          0x08000176   Section        0  libinit2.o(.ARM.Collect$$libinit$$0000000E)
    .ARM.Collect$$libinit$$0000000F          0x08000176   Section        6  libinit2.o(.ARM.Collect$$libinit$$0000000F)
    .ARM.Collect$$libinit$$00000011          0x0800017c   Section        0  libinit2.o(.ARM.Collect$$libinit$$00000011)
    .ARM.Collect$$libinit$$00000013          0x0800017c   Section        0  libinit2.o(.ARM.Collect$$libinit$$00000013)
    .ARM.Collect$$libinit$$00000015          0x0800017c   Section        0  libinit2.o(.ARM.Collect$$libinit$$00000015)
    .ARM.Collect$$libinit$$00000016          0x0800017c   Section       10  libinit2.o(.ARM.Collect$$libinit$$00000016)
    .ARM.Collect$$libinit$$00000017          0x08000186   Section        0  libinit2.o(.ARM.Collect$$libinit$$00000017)
    .ARM.Collect$$libinit$$00000019          0x08000186   Section        0  libinit2.o(.ARM.Collect$$libinit$$00000019)
    .ARM.Collect$$libinit$$0000001B          0x08000186   Section        0  libinit2.o(.ARM.Collect$$libinit$$0000001B)
    .ARM.Collect$$libinit$$0000001D          0x08000186   Section        0  libinit2.o(.ARM.Collect$$libinit$$0000001D)
    .ARM.Collect$$libinit$$0000001F          0x08000186   Section        0  libinit2.o(.ARM.Collect$$libinit$$0000001F)
    .ARM.Collect$$libinit$$00000021          0x08000186   Section        0  libinit2.o(.ARM.Collect$$libinit$$00000021)
    .ARM.Collect$$libinit$$00000023          0x08000186   Section        0  libinit2.o(.ARM.Collect$$libinit$$00000023)
    .ARM.Collect$$libinit$$00000025          0x08000186   Section        0  libinit2.o(.ARM.Collect$$libinit$$00000025)
    .ARM.Collect$$libinit$$0000002C          0x08000186   Section        0  libinit2.o(.ARM.Collect$$libinit$$0000002C)
    .ARM.Collect$$libinit$$0000002E          0x08000186   Section        0  libinit2.o(.ARM.Collect$$libinit$$0000002E)
    .ARM.Collect$$libinit$$00000030          0x08000186   Section        0  libinit2.o(.ARM.Collect$$libinit$$00000030)
    .ARM.Collect$$libinit$$00000032          0x08000186   Section        0  libinit2.o(.ARM.Collect$$libinit$$00000032)
    .ARM.Collect$$libinit$$00000033          0x08000186   Section        2  libinit2.o(.ARM.Collect$$libinit$$00000033)
    .ARM.Collect$$libshutdown$$00000000      0x08000188   Section        2  libshutdown.o(.ARM.Collect$$libshutdown$$00000000)
    .ARM.Collect$$libshutdown$$00000002      0x0800018a   Section        0  libshutdown2.o(.ARM.Collect$$libshutdown$$00000002)
    .ARM.Collect$$libshutdown$$00000004      0x0800018a   Section        0  libshutdown2.o(.ARM.Collect$$libshutdown$$00000004)
    .ARM.Collect$$libshutdown$$00000006      0x0800018a   Section        0  libshutdown2.o(.ARM.Collect$$libshutdown$$00000006)
    .ARM.Collect$$libshutdown$$00000009      0x0800018a   Section        0  libshutdown2.o(.ARM.Collect$$libshutdown$$00000009)
    .ARM.Collect$$libshutdown$$0000000C      0x0800018a   Section        0  libshutdown2.o(.ARM.Collect$$libshutdown$$0000000C)
    .ARM.Collect$$libshutdown$$0000000E      0x0800018a   Section        0  libshutdown2.o(.ARM.Collect$$libshutdown$$0000000E)
    .ARM.Collect$$libshutdown$$00000011      0x0800018a   Section        0  libshutdown2.o(.ARM.Collect$$libshutdown$$00000011)
    .ARM.Collect$$libshutdown$$00000012      0x0800018a   Section        2  libshutdown2.o(.ARM.Collect$$libshutdown$$00000012)
    .ARM.Collect$$rtentry$$00000000          0x0800018c   Section        0  __rtentry.o(.ARM.Collect$$rtentry$$00000000)
    .ARM.Collect$$rtentry$$00000002          0x0800018c   Section        0  __rtentry2.o(.ARM.Collect$$rtentry$$00000002)
    .ARM.Collect$$rtentry$$00000004          0x0800018c   Section        6  __rtentry4.o(.ARM.Collect$$rtentry$$00000004)
    .ARM.Collect$$rtentry$$00000009          0x08000192   Section        0  __rtentry2.o(.ARM.Collect$$rtentry$$00000009)
    .ARM.Collect$$rtentry$$0000000A          0x08000192   Section        4  __rtentry2.o(.ARM.Collect$$rtentry$$0000000A)
    .ARM.Collect$$rtentry$$0000000C          0x08000196   Section        0  __rtentry2.o(.ARM.Collect$$rtentry$$0000000C)
    .ARM.Collect$$rtentry$$0000000D          0x08000196   Section        8  __rtentry2.o(.ARM.Collect$$rtentry$$0000000D)
    .ARM.Collect$$rtexit$$00000000           0x0800019e   Section        2  rtexit.o(.ARM.Collect$$rtexit$$00000000)
    .ARM.Collect$$rtexit$$00000002           0x080001a0   Section        0  rtexit2.o(.ARM.Collect$$rtexit$$00000002)
    .ARM.Collect$$rtexit$$00000003           0x080001a0   Section        4  rtexit2.o(.ARM.Collect$$rtexit$$00000003)
    .ARM.Collect$$rtexit$$00000004           0x080001a4   Section        6  rtexit2.o(.ARM.Collect$$rtexit$$00000004)
    .emb_text                                0x080001ac   Section       52  rand.o(.emb_text)
    .text                                    0x080001e0   Section       64  startup_stm32f103xb.o(.text)
    .text                                    0x08000220   Section        0  noretval__2sprintf.o(.text)
    .text                                    0x08000248   Section        0  _printf_dec.o(.text)
    .text                                    0x080002c0   Section        0  __printf_ss.o(.text)
    .text                                    0x08000378   Section        0  rand.o(.text)
    .text                                    0x080003b4   Section        0  strlen.o(.text)
    .text                                    0x080003f2   Section      100  rt_memcpy_w.o(.text)
    .text                                    0x08000456   Section        0  heapauxi.o(.text)
    .text                                    0x0800045c   Section        0  _rserrno.o(.text)
    .text                                    0x08000472   Section        0  _printf_intcommon.o(.text)
    .text                                    0x08000524   Section        0  _printf_fp_dec.o(.text)
    _fp_digits                               0x08000527   Thumb Code   432  _printf_fp_dec.o(.text)
    .text                                    0x08000944   Section        0  _printf_char_common.o(.text)
    _printf_input_char                       0x08000945   Thumb Code    10  _printf_char_common.o(.text)
    .text                                    0x08000974   Section        0  _sputc.o(.text)
    .text                                    0x08000980   Section        8  rt_locale_intlibspace.o(.text)
    .text                                    0x08000988   Section        8  rt_errno_addr_intlibspace.o(.text)
    .text                                    0x08000990   Section      138  lludiv10.o(.text)
    .text                                    0x08000a1c   Section        0  _printf_fp_infnan.o(.text)
    .text                                    0x08000a9c   Section        0  bigflt0.o(.text)
    .text                                    0x08000b80   Section        8  libspace.o(.text)
    .text                                    0x08000b88   Section       74  sys_stackheap_outer.o(.text)
    .text                                    0x08000bd2   Section        0  exit.o(.text)
    .text                                    0x08000be4   Section      128  strcmpv7m.o(.text)
    .text                                    0x08000c64   Section        0  sys_exit.o(.text)
    .text                                    0x08000c70   Section        2  use_no_semi.o(.text)
    .text                                    0x08000c72   Section        0  indicate_semi.o(.text)
    CL$$btod_d2e                             0x08000c72   Section       62  btod.o(CL$$btod_d2e)
    CL$$btod_d2e_denorm_low                  0x08000cb0   Section       70  btod.o(CL$$btod_d2e_denorm_low)
    CL$$btod_d2e_norm_op1                    0x08000cf6   Section       96  btod.o(CL$$btod_d2e_norm_op1)
    CL$$btod_div_common                      0x08000d56   Section      824  btod.o(CL$$btod_div_common)
    CL$$btod_e2e                             0x0800108e   Section      220  btod.o(CL$$btod_e2e)
    CL$$btod_ediv                            0x0800116a   Section       42  btod.o(CL$$btod_ediv)
    CL$$btod_emul                            0x08001194   Section       42  btod.o(CL$$btod_emul)
    CL$$btod_mult_common                     0x080011be   Section      580  btod.o(CL$$btod_mult_common)
    i.BusFault_Handler                       0x08001402   Section        0  stm32f1xx_it.o(i.BusFault_Handler)
    i.DMA1_Channel7_IRQHandler               0x08001404   Section        0  stm32f1xx_it.o(i.DMA1_Channel7_IRQHandler)
    i.DebugMon_Handler                       0x08001410   Section        0  stm32f1xx_it.o(i.DebugMon_Handler)
    i.HAL_DMA_Abort_IT                       0x08001414   Section        0  stm32f1xx_hal_dma.o(i.HAL_DMA_Abort_IT)
    i.HAL_DMA_IRQHandler                     0x080014ac   Section        0  stm32f1xx_hal_dma.o(i.HAL_DMA_IRQHandler)
    i.HAL_DMA_Init                           0x08001614   Section        0  stm32f1xx_hal_dma.o(i.HAL_DMA_Init)
    i.HAL_Delay                              0x08001680   Section        0  stm32f1xx_hal.o(i.HAL_Delay)
    i.HAL_GPIO_Init                          0x080016a4   Section        0  stm32f1xx_hal_gpio.o(i.HAL_GPIO_Init)
    i.HAL_GPIO_TogglePin                     0x08001890   Section        0  stm32f1xx_hal_gpio.o(i.HAL_GPIO_TogglePin)
    i.HAL_GPIO_WritePin                      0x08001898   Section        0  stm32f1xx_hal_gpio.o(i.HAL_GPIO_WritePin)
    i.HAL_GetTick                            0x080018a8   Section        0  stm32f1xx_hal.o(i.HAL_GetTick)
    i.HAL_IncTick                            0x080018b4   Section        0  stm32f1xx_hal.o(i.HAL_IncTick)
    i.HAL_Init                               0x080018c4   Section        0  stm32f1xx_hal.o(i.HAL_Init)
    i.HAL_InitTick                           0x080018e8   Section        0  stm32f1xx_hal.o(i.HAL_InitTick)
    i.HAL_MspInit                            0x0800192c   Section        0  stm32f1xx_hal_msp.o(i.HAL_MspInit)
    i.HAL_NVIC_EnableIRQ                     0x080019ac   Section        0  stm32f1xx_hal_cortex.o(i.HAL_NVIC_EnableIRQ)
    i.HAL_NVIC_SetPriority                   0x080019c8   Section        0  stm32f1xx_hal_cortex.o(i.HAL_NVIC_SetPriority)
    i.HAL_NVIC_SetPriorityGrouping           0x08001a08   Section        0  stm32f1xx_hal_cortex.o(i.HAL_NVIC_SetPriorityGrouping)
    i.HAL_RCC_ClockConfig                    0x08001a2c   Section        0  stm32f1xx_hal_rcc.o(i.HAL_RCC_ClockConfig)
    i.HAL_RCC_GetHCLKFreq                    0x08001b90   Section        0  stm32f1xx_hal_rcc.o(i.HAL_RCC_GetHCLKFreq)
    i.HAL_RCC_GetPCLK1Freq                   0x08001b9c   Section        0  stm32f1xx_hal_rcc.o(i.HAL_RCC_GetPCLK1Freq)
    i.HAL_RCC_GetPCLK2Freq                   0x08001bbc   Section        0  stm32f1xx_hal_rcc.o(i.HAL_RCC_GetPCLK2Freq)
    i.HAL_RCC_GetSysClockFreq                0x08001bdc   Section        0  stm32f1xx_hal_rcc.o(i.HAL_RCC_GetSysClockFreq)
    i.HAL_RCC_OscConfig                      0x08001c50   Section        0  stm32f1xx_hal_rcc.o(i.HAL_RCC_OscConfig)
    i.HAL_SYSTICK_CLKSourceConfig            0x08001fa8   Section        0  stm32f1xx_hal_cortex.o(i.HAL_SYSTICK_CLKSourceConfig)
    i.HAL_SYSTICK_Callback                   0x08001fc4   Section        0  stm32f1xx_hal_cortex.o(i.HAL_SYSTICK_Callback)
    i.HAL_SYSTICK_Config                     0x08001fc6   Section        0  stm32f1xx_hal_cortex.o(i.HAL_SYSTICK_Config)
    i.HAL_SYSTICK_IRQHandler                 0x08001fee   Section        0  stm32f1xx_hal_cortex.o(i.HAL_SYSTICK_IRQHandler)
    i.HAL_UART_ErrorCallback                 0x08001ff6   Section        0  stm32f1xx_hal_uart.o(i.HAL_UART_ErrorCallback)
    i.HAL_UART_IRQHandler                    0x08001ff8   Section        0  stm32f1xx_hal_uart.o(i.HAL_UART_IRQHandler)
    i.HAL_UART_Init                          0x08002108   Section        0  stm32f1xx_hal_uart.o(i.HAL_UART_Init)
    i.HAL_UART_MspInit                       0x0800216c   Section        0  stm32f1xx_hal_msp.o(i.HAL_UART_MspInit)
    i.HAL_UART_RxCpltCallback                0x08002224   Section        0  stm32f1xx_hal_uart.o(i.HAL_UART_RxCpltCallback)
    i.HAL_UART_Transmit                      0x08002226   Section        0  stm32f1xx_hal_uart.o(i.HAL_UART_Transmit)
    i.HAL_UART_TxCpltCallback                0x080022f2   Section        0  stm32f1xx_hal_uart.o(i.HAL_UART_TxCpltCallback)
    i.HardFault_Handler                      0x080022f4   Section        0  stm32f1xx_it.o(i.HardFault_Handler)
    i.MX_DMA_Init                            0x080022f8   Section        0  main.o(i.MX_DMA_Init)
    MX_DMA_Init                              0x080022f9   Thumb Code    40  main.o(i.MX_DMA_Init)
    i.MX_GPIO_Init                           0x08002324   Section        0  main.o(i.MX_GPIO_Init)
    MX_GPIO_Init                             0x08002325   Thumb Code   156  main.o(i.MX_GPIO_Init)
    i.MX_USART2_UART_Init                    0x080023d0   Section        0  main.o(i.MX_USART2_UART_Init)
    MX_USART2_UART_Init                      0x080023d1   Thumb Code    50  main.o(i.MX_USART2_UART_Init)
    i.MemManage_Handler                      0x0800241c   Section        0  stm32f1xx_it.o(i.MemManage_Handler)
    i.NMI_Handler                            0x0800241e   Section        0  stm32f1xx_it.o(i.NMI_Handler)
    i.NaiveBayes                             0x08002420   Section        0  main.o(i.NaiveBayes)
    i.NaiveBayesParams                       0x08002540   Section        0  main.o(i.NaiveBayesParams)
    i.PendSV_Handler                         0x080025e0   Section        0  stm32f1xx_it.o(i.PendSV_Handler)
    i.RCC_Delay                              0x080025e4   Section        0  stm32f1xx_hal_rcc.o(i.RCC_Delay)
    RCC_Delay                                0x080025e5   Thumb Code    30  stm32f1xx_hal_rcc.o(i.RCC_Delay)
    i.SVC_Handler                            0x08002608   Section        0  stm32f1xx_it.o(i.SVC_Handler)
    i.SysTick_Handler                        0x0800260a   Section        0  stm32f1xx_it.o(i.SysTick_Handler)
    i.SystemClock_Config                     0x08002618   Section        0  main.o(i.SystemClock_Config)
    i.SystemInit                             0x08002690   Section        0  system_stm32f1xx.o(i.SystemInit)
    i.UART_DMAAbortOnError                   0x080026d8   Section        0  stm32f1xx_hal_uart.o(i.UART_DMAAbortOnError)
    UART_DMAAbortOnError                     0x080026d9   Thumb Code    16  stm32f1xx_hal_uart.o(i.UART_DMAAbortOnError)
    i.UART_EndRxTransfer                     0x080026e8   Section        0  stm32f1xx_hal_uart.o(i.UART_EndRxTransfer)
    UART_EndRxTransfer                       0x080026e9   Thumb Code    28  stm32f1xx_hal_uart.o(i.UART_EndRxTransfer)
    i.UART_EndTransmit_IT                    0x08002704   Section        0  stm32f1xx_hal_uart.o(i.UART_EndTransmit_IT)
    UART_EndTransmit_IT                      0x08002705   Thumb Code    26  stm32f1xx_hal_uart.o(i.UART_EndTransmit_IT)
    i.UART_Receive_IT                        0x0800271e   Section        0  stm32f1xx_hal_uart.o(i.UART_Receive_IT)
    UART_Receive_IT                          0x0800271f   Thumb Code   156  stm32f1xx_hal_uart.o(i.UART_Receive_IT)
    i.UART_SetConfig                         0x080027bc   Section        0  stm32f1xx_hal_uart.o(i.UART_SetConfig)
    UART_SetConfig                           0x080027bd   Thumb Code   408  stm32f1xx_hal_uart.o(i.UART_SetConfig)
    i.UART_Transmit_IT                       0x08002958   Section        0  stm32f1xx_hal_uart.o(i.UART_Transmit_IT)
    UART_Transmit_IT                         0x08002959   Thumb Code   102  stm32f1xx_hal_uart.o(i.UART_Transmit_IT)
    i.UART_WaitOnFlagUntilTimeout            0x080029be   Section        0  stm32f1xx_hal_uart.o(i.UART_WaitOnFlagUntilTimeout)
    UART_WaitOnFlagUntilTimeout              0x080029bf   Thumb Code   100  stm32f1xx_hal_uart.o(i.UART_WaitOnFlagUntilTimeout)
    i.USART2_IRQHandler                      0x08002a24   Section        0  stm32f1xx_it.o(i.USART2_IRQHandler)
    i.UsageFault_Handler                     0x08002a30   Section        0  stm32f1xx_it.o(i.UsageFault_Handler)
    i._Error_Handler                         0x08002a32   Section        0  main.o(i._Error_Handler)
    i.__ARM_fpclassify                       0x08002a34   Section        0  fpclassify.o(i.__ARM_fpclassify)
    i.__NVIC_SetPriority                     0x08002a5c   Section        0  stm32f1xx_hal_cortex.o(i.__NVIC_SetPriority)
    __NVIC_SetPriority                       0x08002a5d   Thumb Code    32  stm32f1xx_hal_cortex.o(i.__NVIC_SetPriority)
    i.__mathlib_flt_divzero                  0x08002a7c   Section        0  funder.o(i.__mathlib_flt_divzero)
    i.__mathlib_flt_infnan                   0x08002a86   Section        0  funder.o(i.__mathlib_flt_infnan)
    i.__mathlib_flt_invalid                  0x08002a8c   Section        0  funder.o(i.__mathlib_flt_invalid)
    i._random                                0x08002a94   Section        0  main.o(i._random)
    i.arm_gaussian_naive_bayes_predict_f32   0x08002ad8   Section        0  bayesfunctions.o(i.arm_gaussian_naive_bayes_predict_f32)
    i.arm_max_f32                            0x08002ba8   Section        0  statisticsfunctions.o(i.arm_max_f32)
    i.logf                                   0x08002be4   Section        0  logf.o(i.logf)
    i.main                                   0x08002d74   Section        0  main.o(i.main)
    locale$$code                             0x08002de8   Section       44  lc_numeric_c.o(locale$$code)
    x$fpl$d2f                                0x08002e14   Section       98  d2f.o(x$fpl$d2f)
    x$fpl$dadd                               0x08002e78   Section      336  daddsub_clz.o(x$fpl$dadd)
    _dadd1                                   0x08002e89   Thumb Code     0  daddsub_clz.o(x$fpl$dadd)
    x$fpl$dcheck1                            0x08002fc8   Section       16  dcheck1.o(x$fpl$dcheck1)
    x$fpl$ddiv                               0x08002fd8   Section      688  ddiv.o(x$fpl$ddiv)
    ddiv_entry                               0x08002fdf   Thumb Code     0  ddiv.o(x$fpl$ddiv)
    x$fpl$dflt                               0x08003288   Section       46  dflt_clz.o(x$fpl$dflt)
    x$fpl$dmul                               0x080032b8   Section      340  dmul.o(x$fpl$dmul)
    x$fpl$dnaninf                            0x0800340c   Section      156  dnaninf.o(x$fpl$dnaninf)
    x$fpl$dretinf                            0x080034a8   Section       12  dretinf.o(x$fpl$dretinf)
    x$fpl$dsub                               0x080034b4   Section      468  daddsub_clz.o(x$fpl$dsub)
    _dsub1                                   0x080034c5   Thumb Code     0  daddsub_clz.o(x$fpl$dsub)
    x$fpl$fadd                               0x08003688   Section      196  faddsub_clz.o(x$fpl$fadd)
    _fadd1                                   0x08003697   Thumb Code     0  faddsub_clz.o(x$fpl$fadd)
    x$fpl$fcheck1                            0x0800374c   Section       12  fcheck1.o(x$fpl$fcheck1)
    x$fpl$fcmpinf                            0x08003758   Section       24  fcmpi.o(x$fpl$fcmpinf)
    x$fpl$fdiv                               0x08003770   Section      388  fdiv.o(x$fpl$fdiv)
    _fdiv1                                   0x08003771   Thumb Code     0  fdiv.o(x$fpl$fdiv)
    x$fpl$fflt                               0x080038f4   Section       48  fflt_clz.o(x$fpl$fflt)
    x$fpl$fleqf                              0x08003924   Section      104  fleqf.o(x$fpl$fleqf)
    x$fpl$fmul                               0x0800398c   Section      258  fmul.o(x$fpl$fmul)
    x$fpl$fnaninf                            0x08003a8e   Section      140  fnaninf.o(x$fpl$fnaninf)
    x$fpl$fretinf                            0x08003b1a   Section       10  fretinf.o(x$fpl$fretinf)
    x$fpl$frsb                               0x08003b24   Section       20  faddsub_clz.o(x$fpl$frsb)
    x$fpl$fsub                               0x08003b38   Section      234  faddsub_clz.o(x$fpl$fsub)
    _fsub1                                   0x08003b47   Thumb Code     0  faddsub_clz.o(x$fpl$fsub)
    x$fpl$printf1                            0x08003c22   Section        4  printf1.o(x$fpl$printf1)
    x$fpl$retnan                             0x08003c26   Section      100  retnan.o(x$fpl$retnan)
    x$fpl$scalbn                             0x08003c8a   Section       92  scalbn.o(x$fpl$scalbn)
    x$fpl$scalbnf                            0x08003ce6   Section       76  scalbnf.o(x$fpl$scalbnf)
    x$fpl$trapveneer                         0x08003d32   Section       48  trapv.o(x$fpl$trapveneer)
    x$fpl$usenofp                            0x08003d62   Section        0  usenofp.o(x$fpl$usenofp)
    .constdata                               0x08003d64   Section      110  main.o(.constdata)
    .constdata                               0x08003dd2   Section       16  system_stm32f1xx.o(.constdata)
    .constdata                               0x08003de2   Section        8  system_stm32f1xx.o(.constdata)
    .constdata                               0x08003dec   Section       64  logf.o(.constdata)
    logahi                                   0x08003dec   Data          32  logf.o(.constdata)
    logalo                                   0x08003e0c   Data          32  logf.o(.constdata)
    .constdata                               0x08003e2c   Section      148  bigflt0.o(.constdata)
    tenpwrs_x                                0x08003e2c   Data          60  bigflt0.o(.constdata)
    tenpwrs_i                                0x08003e68   Data          64  bigflt0.o(.constdata)
    locale$$data                             0x08003ee0   Section       28  lc_numeric_c.o(locale$$data)
    __lcnum_c_name                           0x08003ee4   Data           2  lc_numeric_c.o(locale$$data)
    __lcnum_c_start                          0x08003eec   Data           0  lc_numeric_c.o(locale$$data)
    __lcnum_c_point                          0x08003ef8   Data           0  lc_numeric_c.o(locale$$data)
    __lcnum_c_thousands                      0x08003efa   Data           0  lc_numeric_c.o(locale$$data)
    __lcnum_c_grouping                       0x08003efb   Data           0  lc_numeric_c.o(locale$$data)
    __lcnum_c_end                            0x08003efc   Data           0  lc_numeric_c.o(locale$$data)
    .data                                    0x20000000   Section        4  system_stm32f1xx.o(.data)
    .data                                    0x20000004   Section       12  stm32f1xx_hal.o(.data)
    .bss                                     0x20000010   Section       88  main.o(.bss)
    .bss                                     0x20000068   Section       68  main.o(.bss)
    .bss                                     0x200000ac   Section      228  rand.o(.bss)
    .bss                                     0x20000190   Section       96  libspace.o(.bss)
    HEAP                                     0x200001f0   Section      512  startup_stm32f103xb.o(HEAP)
    Heap_Mem                                 0x200001f0   Data         512  startup_stm32f103xb.o(HEAP)
    STACK                                    0x200003f0   Section     1024  startup_stm32f103xb.o(STACK)
    Stack_Mem                                0x200003f0   Data        1024  startup_stm32f103xb.o(STACK)
    __initial_sp                             0x200007f0   Data           0  startup_stm32f103xb.o(STACK)

    Global Symbols

    Symbol Name                              Value     Ov Type        Size  Object(Section)

    BuildAttributes$$THM_ISAv4$P$D$K$B$S$PE$A:L22UL41UL21$X:L11$S22US41US21$IEEE1$IW$USESV6$~STKCKD$USESV7$~SHL$OTIME$ROPI$IEEEX$EBA8$UX$STANDARDLIB$REQ8$PRES8$EABIv2 0x00000000   Number         0  anon$$obj.o ABSOLUTE
    __ARM_use_no_argv                        0x00000000   Number         0  main.o ABSOLUTE
    _printf_flags                            0x00000000   Number         0  printf_stubs.o ABSOLUTE
    _printf_return_value                     0x00000000   Number         0  printf_stubs.o ABSOLUTE
    _printf_sizespec                         0x00000000   Number         0  printf_stubs.o ABSOLUTE
    _printf_widthprec                        0x00000000   Number         0  printf_stubs.o ABSOLUTE
    __ARM_exceptions_init                     - Undefined Weak Reference
    __alloca_initialize                       - Undefined Weak Reference
    __arm_fini_                               - Undefined Weak Reference
    __arm_preinit_                            - Undefined Weak Reference
    __cpp_initialize__aeabi_                  - Undefined Weak Reference
    __cxa_finalize                            - Undefined Weak Reference
    __sigvec_lookup                           - Undefined Weak Reference
    _atexit_init                              - Undefined Weak Reference
    _call_atexit_fns                          - Undefined Weak Reference
    _clock_init                               - Undefined Weak Reference
    _fp_trap_init                             - Undefined Weak Reference
    _fp_trap_shutdown                         - Undefined Weak Reference
    _get_lc_collate                           - Undefined Weak Reference
    _get_lc_ctype                             - Undefined Weak Reference
    _get_lc_monetary                          - Undefined Weak Reference
    _get_lc_time                              - Undefined Weak Reference
    _getenv_init                              - Undefined Weak Reference
    _handle_redirection                       - Undefined Weak Reference
    _init_alloc                               - Undefined Weak Reference
    _init_user_alloc                          - Undefined Weak Reference
    _initio                                   - Undefined Weak Reference
    _printf_post_padding                      - Undefined Weak Reference
    _printf_pre_padding                       - Undefined Weak Reference
    _printf_truncate_signed                   - Undefined Weak Reference
    _printf_truncate_unsigned                 - Undefined Weak Reference
    _signal_finish                            - Undefined Weak Reference
    _signal_init                              - Undefined Weak Reference
    _terminate_alloc                          - Undefined Weak Reference
    _terminate_user_alloc                     - Undefined Weak Reference
    _terminateio                              - Undefined Weak Reference
    __Vectors_Size                           0x000000ec   Number         0  startup_stm32f103xb.o ABSOLUTE
    __Vectors                                0x08000000   Data           4  startup_stm32f103xb.o(RESET)
    __Vectors_End                            0x080000ec   Data           0  startup_stm32f103xb.o(RESET)
    __main                                   0x080000ed   Thumb Code     8  __main.o(!!!main)
    __scatterload                            0x080000f5   Thumb Code     0  __scatter.o(!!!scatter)
    __scatterload_rt2                        0x080000f5   Thumb Code    44  __scatter.o(!!!scatter)
    __scatterload_rt2_thumb_only             0x080000f5   Thumb Code     0  __scatter.o(!!!scatter)
    __scatterload_null                       0x08000103   Thumb Code     0  __scatter.o(!!!scatter)
    __scatterload_copy                       0x08000129   Thumb Code    26  __scatter_copy.o(!!handler_copy)
    __scatterload_zeroinit                   0x08000145   Thumb Code    28  __scatter_zi.o(!!handler_zi)
    _printf_f                                0x08000161   Thumb Code     0  _printf_f.o(.ARM.Collect$$_printf_percent$$00000003)
    _printf_percent                          0x08000161   Thumb Code     0  _printf_percent.o(.ARM.Collect$$_printf_percent$$00000000)
    _printf_u                                0x08000167   Thumb Code     0  _printf_u.o(.ARM.Collect$$_printf_percent$$0000000A)
    _printf_percent_end                      0x0800016d   Thumb Code     0  _printf_percent_end.o(.ARM.Collect$$_printf_percent$$00000017)
    __rt_lib_init                            0x08000171   Thumb Code     0  libinit.o(.ARM.Collect$$libinit$$00000000)
    __rt_lib_init_fp_1                       0x08000173   Thumb Code     0  libinit2.o(.ARM.Collect$$libinit$$00000002)
    __rt_lib_init_heap_1                     0x08000173   Thumb Code     0  libinit2.o(.ARM.Collect$$libinit$$0000000A)
    __rt_lib_init_preinit_1                  0x08000173   Thumb Code     0  libinit2.o(.ARM.Collect$$libinit$$00000004)
    __rt_lib_init_rand_2                     0x08000173   Thumb Code     0  libinit2.o(.ARM.Collect$$libinit$$0000000D)
    __rt_lib_init_user_alloc_1               0x08000173   Thumb Code     0  libinit2.o(.ARM.Collect$$libinit$$0000000C)
    __rt_lib_init_lc_common                  0x08000177   Thumb Code     0  libinit2.o(.ARM.Collect$$libinit$$0000000F)
    __rt_lib_init_rand_1                     0x08000177   Thumb Code     0  libinit2.o(.ARM.Collect$$libinit$$0000000E)
    __rt_lib_init_lc_collate_1               0x0800017d   Thumb Code     0  libinit2.o(.ARM.Collect$$libinit$$00000011)
    __rt_lib_init_lc_ctype_1                 0x0800017d   Thumb Code     0  libinit2.o(.ARM.Collect$$libinit$$00000013)
    __rt_lib_init_lc_monetary_1              0x0800017d   Thumb Code     0  libinit2.o(.ARM.Collect$$libinit$$00000015)
    __rt_lib_init_lc_numeric_2               0x0800017d   Thumb Code     0  libinit2.o(.ARM.Collect$$libinit$$00000016)
    __rt_lib_init_alloca_1                   0x08000187   Thumb Code     0  libinit2.o(.ARM.Collect$$libinit$$0000002E)
    __rt_lib_init_argv_1                     0x08000187   Thumb Code     0  libinit2.o(.ARM.Collect$$libinit$$0000002C)
    __rt_lib_init_atexit_1                   0x08000187   Thumb Code     0  libinit2.o(.ARM.Collect$$libinit$$0000001B)
    __rt_lib_init_clock_1                    0x08000187   Thumb Code     0  libinit2.o(.ARM.Collect$$libinit$$00000021)
    __rt_lib_init_cpp_1                      0x08000187   Thumb Code     0  libinit2.o(.ARM.Collect$$libinit$$00000032)
    __rt_lib_init_exceptions_1               0x08000187   Thumb Code     0  libinit2.o(.ARM.Collect$$libinit$$00000030)
    __rt_lib_init_fp_trap_1                  0x08000187   Thumb Code     0  libinit2.o(.ARM.Collect$$libinit$$0000001F)
    __rt_lib_init_getenv_1                   0x08000187   Thumb Code     0  libinit2.o(.ARM.Collect$$libinit$$00000023)
    __rt_lib_init_lc_numeric_1               0x08000187   Thumb Code     0  libinit2.o(.ARM.Collect$$libinit$$00000017)
    __rt_lib_init_lc_time_1                  0x08000187   Thumb Code     0  libinit2.o(.ARM.Collect$$libinit$$00000019)
    __rt_lib_init_return                     0x08000187   Thumb Code     0  libinit2.o(.ARM.Collect$$libinit$$00000033)
    __rt_lib_init_signal_1                   0x08000187   Thumb Code     0  libinit2.o(.ARM.Collect$$libinit$$0000001D)
    __rt_lib_init_stdio_1                    0x08000187   Thumb Code     0  libinit2.o(.ARM.Collect$$libinit$$00000025)
    __rt_lib_shutdown                        0x08000189   Thumb Code     0  libshutdown.o(.ARM.Collect$$libshutdown$$00000000)
    __rt_lib_shutdown_cpp_1                  0x0800018b   Thumb Code     0  libshutdown2.o(.ARM.Collect$$libshutdown$$00000004)
    __rt_lib_shutdown_fini_1                 0x0800018b   Thumb Code     0  libshutdown2.o(.ARM.Collect$$libshutdown$$00000002)
    __rt_lib_shutdown_fp_trap_1              0x0800018b   Thumb Code     0  libshutdown2.o(.ARM.Collect$$libshutdown$$00000009)
    __rt_lib_shutdown_heap_1                 0x0800018b   Thumb Code     0  libshutdown2.o(.ARM.Collect$$libshutdown$$00000011)
    __rt_lib_shutdown_return                 0x0800018b   Thumb Code     0  libshutdown2.o(.ARM.Collect$$libshutdown$$00000012)
    __rt_lib_shutdown_signal_1               0x0800018b   Thumb Code     0  libshutdown2.o(.ARM.Collect$$libshutdown$$0000000C)
    __rt_lib_shutdown_stdio_1                0x0800018b   Thumb Code     0  libshutdown2.o(.ARM.Collect$$libshutdown$$00000006)
    __rt_lib_shutdown_user_alloc_1           0x0800018b   Thumb Code     0  libshutdown2.o(.ARM.Collect$$libshutdown$$0000000E)
    __rt_entry                               0x0800018d   Thumb Code     0  __rtentry.o(.ARM.Collect$$rtentry$$00000000)
    __rt_entry_presh_1                       0x0800018d   Thumb Code     0  __rtentry2.o(.ARM.Collect$$rtentry$$00000002)
    __rt_entry_sh                            0x0800018d   Thumb Code     0  __rtentry4.o(.ARM.Collect$$rtentry$$00000004)
    __rt_entry_li                            0x08000193   Thumb Code     0  __rtentry2.o(.ARM.Collect$$rtentry$$0000000A)
    __rt_entry_postsh_1                      0x08000193   Thumb Code     0  __rtentry2.o(.ARM.Collect$$rtentry$$00000009)
    __rt_entry_main                          0x08000197   Thumb Code     0  __rtentry2.o(.ARM.Collect$$rtentry$$0000000D)
    __rt_entry_postli_1                      0x08000197   Thumb Code     0  __rtentry2.o(.ARM.Collect$$rtentry$$0000000C)
    __rt_exit                                0x0800019f   Thumb Code     0  rtexit.o(.ARM.Collect$$rtexit$$00000000)
    __rt_exit_ls                             0x080001a1   Thumb Code     0  rtexit2.o(.ARM.Collect$$rtexit$$00000003)
    __rt_exit_prels_1                        0x080001a1   Thumb Code     0  rtexit2.o(.ARM.Collect$$rtexit$$00000002)
    __rt_exit_exit                           0x080001a5   Thumb Code     0  rtexit2.o(.ARM.Collect$$rtexit$$00000004)
    rand                                     0x080001ad   Thumb Code    48  rand.o(.emb_text)
    Reset_Handler                            0x080001e1   Thumb Code     8  startup_stm32f103xb.o(.text)
    ADC1_2_IRQHandler                        0x080001fb   Thumb Code     0  startup_stm32f103xb.o(.text)
    CAN1_RX1_IRQHandler                      0x080001fb   Thumb Code     0  startup_stm32f103xb.o(.text)
    CAN1_SCE_IRQHandler                      0x080001fb   Thumb Code     0  startup_stm32f103xb.o(.text)
    DMA1_Channel1_IRQHandler                 0x080001fb   Thumb Code     0  startup_stm32f103xb.o(.text)
    DMA1_Channel2_IRQHandler                 0x080001fb   Thumb Code     0  startup_stm32f103xb.o(.text)
    DMA1_Channel3_IRQHandler                 0x080001fb   Thumb Code     0  startup_stm32f103xb.o(.text)
    DMA1_Channel4_IRQHandler                 0x080001fb   Thumb Code     0  startup_stm32f103xb.o(.text)
    DMA1_Channel5_IRQHandler                 0x080001fb   Thumb Code     0  startup_stm32f103xb.o(.text)
    DMA1_Channel6_IRQHandler                 0x080001fb   Thumb Code     0  startup_stm32f103xb.o(.text)
    EXTI0_IRQHandler                         0x080001fb   Thumb Code     0  startup_stm32f103xb.o(.text)
    EXTI15_10_IRQHandler                     0x080001fb   Thumb Code     0  startup_stm32f103xb.o(.text)
    EXTI1_IRQHandler                         0x080001fb   Thumb Code     0  startup_stm32f103xb.o(.text)
    EXTI2_IRQHandler                         0x080001fb   Thumb Code     0  startup_stm32f103xb.o(.text)
    EXTI3_IRQHandler                         0x080001fb   Thumb Code     0  startup_stm32f103xb.o(.text)
    EXTI4_IRQHandler                         0x080001fb   Thumb Code     0  startup_stm32f103xb.o(.text)
    EXTI9_5_IRQHandler                       0x080001fb   Thumb Code     0  startup_stm32f103xb.o(.text)
    FLASH_IRQHandler                         0x080001fb   Thumb Code     0  startup_stm32f103xb.o(.text)
    I2C1_ER_IRQHandler                       0x080001fb   Thumb Code     0  startup_stm32f103xb.o(.text)
    I2C1_EV_IRQHandler                       0x080001fb   Thumb Code     0  startup_stm32f103xb.o(.text)
    I2C2_ER_IRQHandler                       0x080001fb   Thumb Code     0  startup_stm32f103xb.o(.text)
    I2C2_EV_IRQHandler                       0x080001fb   Thumb Code     0  startup_stm32f103xb.o(.text)
    PVD_IRQHandler                           0x080001fb   Thumb Code     0  startup_stm32f103xb.o(.text)
    RCC_IRQHandler                           0x080001fb   Thumb Code     0  startup_stm32f103xb.o(.text)
    RTC_Alarm_IRQHandler                     0x080001fb   Thumb Code     0  startup_stm32f103xb.o(.text)
    RTC_IRQHandler                           0x080001fb   Thumb Code     0  startup_stm32f103xb.o(.text)
    SPI1_IRQHandler                          0x080001fb   Thumb Code     0  startup_stm32f103xb.o(.text)
    SPI2_IRQHandler                          0x080001fb   Thumb Code     0  startup_stm32f103xb.o(.text)
    TAMPER_IRQHandler                        0x080001fb   Thumb Code     0  startup_stm32f103xb.o(.text)
    TIM1_BRK_IRQHandler                      0x080001fb   Thumb Code     0  startup_stm32f103xb.o(.text)
    TIM1_CC_IRQHandler                       0x080001fb   Thumb Code     0  startup_stm32f103xb.o(.text)
    TIM1_TRG_COM_IRQHandler                  0x080001fb   Thumb Code     0  startup_stm32f103xb.o(.text)
    TIM1_UP_IRQHandler                       0x080001fb   Thumb Code     0  startup_stm32f103xb.o(.text)
    TIM2_IRQHandler                          0x080001fb   Thumb Code     0  startup_stm32f103xb.o(.text)
    TIM3_IRQHandler                          0x080001fb   Thumb Code     0  startup_stm32f103xb.o(.text)
    TIM4_IRQHandler                          0x080001fb   Thumb Code     0  startup_stm32f103xb.o(.text)
    USART1_IRQHandler                        0x080001fb   Thumb Code     0  startup_stm32f103xb.o(.text)
    USART3_IRQHandler                        0x080001fb   Thumb Code     0  startup_stm32f103xb.o(.text)
    USBWakeUp_IRQHandler                     0x080001fb   Thumb Code     0  startup_stm32f103xb.o(.text)
    USB_HP_CAN1_TX_IRQHandler                0x080001fb   Thumb Code     0  startup_stm32f103xb.o(.text)
    USB_LP_CAN1_RX0_IRQHandler               0x080001fb   Thumb Code     0  startup_stm32f103xb.o(.text)
    WWDG_IRQHandler                          0x080001fb   Thumb Code     0  startup_stm32f103xb.o(.text)
    __user_initial_stackheap                 0x080001fd   Thumb Code     0  startup_stm32f103xb.o(.text)
    __2sprintf                               0x08000221   Thumb Code    34  noretval__2sprintf.o(.text)
    _printf_int_dec                          0x08000249   Thumb Code   104  _printf_dec.o(.text)
    __printf                                 0x080002c1   Thumb Code   184  __printf_ss.o(.text)
    srand                                    0x08000379   Thumb Code    42  rand.o(.text)
    _rand_init                               0x080003a3   Thumb Code     4  rand.o(.text)
    strlen                                   0x080003b5   Thumb Code    62  strlen.o(.text)
    __aeabi_memcpy4                          0x080003f3   Thumb Code     0  rt_memcpy_w.o(.text)
    __aeabi_memcpy8                          0x080003f3   Thumb Code     0  rt_memcpy_w.o(.text)
    __rt_memcpy_w                            0x080003f3   Thumb Code   100  rt_memcpy_w.o(.text)
    _memcpy_lastbytes_aligned                0x0800043b   Thumb Code     0  rt_memcpy_w.o(.text)
    __use_two_region_memory                  0x08000457   Thumb Code     2  heapauxi.o(.text)
    __rt_heap_escrow$2region                 0x08000459   Thumb Code     2  heapauxi.o(.text)
    __rt_heap_expand$2region                 0x0800045b   Thumb Code     2  heapauxi.o(.text)
    __read_errno                             0x0800045d   Thumb Code    10  _rserrno.o(.text)
    __set_errno                              0x08000467   Thumb Code    12  _rserrno.o(.text)
    _printf_int_common                       0x08000473   Thumb Code   178  _printf_intcommon.o(.text)
    __lib_sel_fp_printf                      0x08000525   Thumb Code     2  _printf_fp_dec.o(.text)
    _printf_fp_dec_real                      0x080006d7   Thumb Code   620  _printf_fp_dec.o(.text)
    _printf_char_common                      0x0800094f   Thumb Code    32  _printf_char_common.o(.text)
    _sputc                                   0x08000975   Thumb Code    10  _sputc.o(.text)
    __rt_locale                              0x08000981   Thumb Code     8  rt_locale_intlibspace.o(.text)
    __aeabi_errno_addr                       0x08000989   Thumb Code     8  rt_errno_addr_intlibspace.o(.text)
    __errno$intlibspace                      0x08000989   Thumb Code     0  rt_errno_addr_intlibspace.o(.text)
    __rt_errno_addr$intlibspace              0x08000989   Thumb Code     0  rt_errno_addr_intlibspace.o(.text)
    _ll_udiv10                               0x08000991   Thumb Code   138  lludiv10.o(.text)
    _printf_fp_infnan                        0x08000a1d   Thumb Code   112  _printf_fp_infnan.o(.text)
    _btod_etento                             0x08000a9d   Thumb Code   224  bigflt0.o(.text)
    __user_libspace                          0x08000b81   Thumb Code     8  libspace.o(.text)
    __user_perproc_libspace                  0x08000b81   Thumb Code     0  libspace.o(.text)
    __user_perthread_libspace                0x08000b81   Thumb Code     0  libspace.o(.text)
    __user_setup_stackheap                   0x08000b89   Thumb Code    74  sys_stackheap_outer.o(.text)
    exit                                     0x08000bd3   Thumb Code    18  exit.o(.text)
    strcmp                                   0x08000be5   Thumb Code   128  strcmpv7m.o(.text)
    _sys_exit                                0x08000c65   Thumb Code     8  sys_exit.o(.text)
    __I$use$semihosting                      0x08000c71   Thumb Code     0  use_no_semi.o(.text)
    __use_no_semihosting_swi                 0x08000c71   Thumb Code     2  use_no_semi.o(.text)
    __semihosting_library_function           0x08000c73   Thumb Code     0  indicate_semi.o(.text)
    _btod_d2e                                0x08000c73   Thumb Code    62  btod.o(CL$$btod_d2e)
    _d2e_denorm_low                          0x08000cb1   Thumb Code    70  btod.o(CL$$btod_d2e_denorm_low)
    _d2e_norm_op1                            0x08000cf7   Thumb Code    96  btod.o(CL$$btod_d2e_norm_op1)
    __btod_div_common                        0x08000d57   Thumb Code   696  btod.o(CL$$btod_div_common)
    _e2e                                     0x0800108f   Thumb Code   220  btod.o(CL$$btod_e2e)
    _btod_ediv                               0x0800116b   Thumb Code    42  btod.o(CL$$btod_ediv)
    _btod_emul                               0x08001195   Thumb Code    42  btod.o(CL$$btod_emul)
    __btod_mult_common                       0x080011bf   Thumb Code   580  btod.o(CL$$btod_mult_common)
    BusFault_Handler                         0x08001403   Thumb Code     2  stm32f1xx_it.o(i.BusFault_Handler)
    DMA1_Channel7_IRQHandler                 0x08001405   Thumb Code     6  stm32f1xx_it.o(i.DMA1_Channel7_IRQHandler)
    DebugMon_Handler                         0x08001411   Thumb Code     2  stm32f1xx_it.o(i.DebugMon_Handler)
    HAL_DMA_Abort_IT                         0x08001415   Thumb Code   148  stm32f1xx_hal_dma.o(i.HAL_DMA_Abort_IT)
    HAL_DMA_IRQHandler                       0x080014ad   Thumb Code   336  stm32f1xx_hal_dma.o(i.HAL_DMA_IRQHandler)
    HAL_DMA_Init                             0x08001615   Thumb Code    98  stm32f1xx_hal_dma.o(i.HAL_DMA_Init)
    HAL_Delay                                0x08001681   Thumb Code    32  stm32f1xx_hal.o(i.HAL_Delay)
    HAL_GPIO_Init                            0x080016a5   Thumb Code   460  stm32f1xx_hal_gpio.o(i.HAL_GPIO_Init)
    HAL_GPIO_TogglePin                       0x08001891   Thumb Code     8  stm32f1xx_hal_gpio.o(i.HAL_GPIO_TogglePin)
    HAL_GPIO_WritePin                        0x08001899   Thumb Code    14  stm32f1xx_hal_gpio.o(i.HAL_GPIO_WritePin)
    HAL_GetTick                              0x080018a9   Thumb Code     6  stm32f1xx_hal.o(i.HAL_GetTick)
    HAL_IncTick                              0x080018b5   Thumb Code    12  stm32f1xx_hal.o(i.HAL_IncTick)
    HAL_Init                                 0x080018c5   Thumb Code    32  stm32f1xx_hal.o(i.HAL_Init)
    HAL_InitTick                             0x080018e9   Thumb Code    58  stm32f1xx_hal.o(i.HAL_InitTick)
    HAL_MspInit                              0x0800192d   Thumb Code   118  stm32f1xx_hal_msp.o(i.HAL_MspInit)
    HAL_NVIC_EnableIRQ                       0x080019ad   Thumb Code    26  stm32f1xx_hal_cortex.o(i.HAL_NVIC_EnableIRQ)
    HAL_NVIC_SetPriority                     0x080019c9   Thumb Code    60  stm32f1xx_hal_cortex.o(i.HAL_NVIC_SetPriority)
    HAL_NVIC_SetPriorityGrouping             0x08001a09   Thumb Code    26  stm32f1xx_hal_cortex.o(i.HAL_NVIC_SetPriorityGrouping)
    HAL_RCC_ClockConfig                      0x08001a2d   Thumb Code   338  stm32f1xx_hal_rcc.o(i.HAL_RCC_ClockConfig)
    HAL_RCC_GetHCLKFreq                      0x08001b91   Thumb Code     6  stm32f1xx_hal_rcc.o(i.HAL_RCC_GetHCLKFreq)
    HAL_RCC_GetPCLK1Freq                     0x08001b9d   Thumb Code    22  stm32f1xx_hal_rcc.o(i.HAL_RCC_GetPCLK1Freq)
    HAL_RCC_GetPCLK2Freq                     0x08001bbd   Thumb Code    22  stm32f1xx_hal_rcc.o(i.HAL_RCC_GetPCLK2Freq)
    HAL_RCC_GetSysClockFreq                  0x08001bdd   Thumb Code    82  stm32f1xx_hal_rcc.o(i.HAL_RCC_GetSysClockFreq)
    HAL_RCC_OscConfig                        0x08001c51   Thumb Code   840  stm32f1xx_hal_rcc.o(i.HAL_RCC_OscConfig)
    HAL_SYSTICK_CLKSourceConfig              0x08001fa9   Thumb Code    28  stm32f1xx_hal_cortex.o(i.HAL_SYSTICK_CLKSourceConfig)
    HAL_SYSTICK_Callback                     0x08001fc5   Thumb Code     2  stm32f1xx_hal_cortex.o(i.HAL_SYSTICK_Callback)
    HAL_SYSTICK_Config                       0x08001fc7   Thumb Code    40  stm32f1xx_hal_cortex.o(i.HAL_SYSTICK_Config)
    HAL_SYSTICK_IRQHandler                   0x08001fef   Thumb Code     8  stm32f1xx_hal_cortex.o(i.HAL_SYSTICK_IRQHandler)
    HAL_UART_ErrorCallback                   0x08001ff7   Thumb Code     2  stm32f1xx_hal_uart.o(i.HAL_UART_ErrorCallback)
    HAL_UART_IRQHandler                      0x08001ff9   Thumb Code   268  stm32f1xx_hal_uart.o(i.HAL_UART_IRQHandler)
    HAL_UART_Init                            0x08002109   Thumb Code   100  stm32f1xx_hal_uart.o(i.HAL_UART_Init)
    HAL_UART_MspInit                         0x0800216d   Thumb Code   136  stm32f1xx_hal_msp.o(i.HAL_UART_MspInit)
    HAL_UART_RxCpltCallback                  0x08002225   Thumb Code     2  stm32f1xx_hal_uart.o(i.HAL_UART_RxCpltCallback)
    HAL_UART_Transmit                        0x08002227   Thumb Code   204  stm32f1xx_hal_uart.o(i.HAL_UART_Transmit)
    HAL_UART_TxCpltCallback                  0x080022f3   Thumb Code     2  stm32f1xx_hal_uart.o(i.HAL_UART_TxCpltCallback)
    HardFault_Handler                        0x080022f5   Thumb Code     2  stm32f1xx_it.o(i.HardFault_Handler)
    MemManage_Handler                        0x0800241d   Thumb Code     2  stm32f1xx_it.o(i.MemManage_Handler)
    NMI_Handler                              0x0800241f   Thumb Code     2  stm32f1xx_it.o(i.NMI_Handler)
    NaiveBayes                               0x08002421   Thumb Code   184  main.o(i.NaiveBayes)
    NaiveBayesParams                         0x08002541   Thumb Code   112  main.o(i.NaiveBayesParams)
    PendSV_Handler                           0x080025e1   Thumb Code     2  stm32f1xx_it.o(i.PendSV_Handler)
    SVC_Handler                              0x08002609   Thumb Code     2  stm32f1xx_it.o(i.SVC_Handler)
    SysTick_Handler                          0x0800260b   Thumb Code    14  stm32f1xx_it.o(i.SysTick_Handler)
    SystemClock_Config                       0x08002619   Thumb Code   102  main.o(i.SystemClock_Config)
    SystemInit                               0x08002691   Thumb Code    56  system_stm32f1xx.o(i.SystemInit)
    USART2_IRQHandler                        0x08002a25   Thumb Code     6  stm32f1xx_it.o(i.USART2_IRQHandler)
    UsageFault_Handler                       0x08002a31   Thumb Code     2  stm32f1xx_it.o(i.UsageFault_Handler)
    _Error_Handler                           0x08002a33   Thumb Code     2  main.o(i._Error_Handler)
    __ARM_fpclassify                         0x08002a35   Thumb Code    40  fpclassify.o(i.__ARM_fpclassify)
    __mathlib_flt_divzero                    0x08002a7d   Thumb Code    10  funder.o(i.__mathlib_flt_divzero)
    __mathlib_flt_infnan                     0x08002a87   Thumb Code     6  funder.o(i.__mathlib_flt_infnan)
    __mathlib_flt_invalid                    0x08002a8d   Thumb Code     8  funder.o(i.__mathlib_flt_invalid)
    _random                                  0x08002a95   Thumb Code    46  main.o(i._random)
    arm_gaussian_naive_bayes_predict_f32     0x08002ad9   Thumb Code   204  bayesfunctions.o(i.arm_gaussian_naive_bayes_predict_f32)
    arm_max_f32                              0x08002ba9   Thumb Code    60  statisticsfunctions.o(i.arm_max_f32)
    __mathlib_logf                           0x08002be5   Thumb Code     0  logf.o(i.logf)
    logf                                     0x08002be5   Thumb Code   362  logf.o(i.logf)
    main                                     0x08002d75   Thumb Code   104  main.o(i.main)
    _get_lc_numeric                          0x08002de9   Thumb Code    44  lc_numeric_c.o(locale$$code)
    __aeabi_d2f                              0x08002e15   Thumb Code     0  d2f.o(x$fpl$d2f)
    _d2f                                     0x08002e15   Thumb Code    98  d2f.o(x$fpl$d2f)
    __aeabi_dadd                             0x08002e79   Thumb Code     0  daddsub_clz.o(x$fpl$dadd)
    _dadd                                    0x08002e79   Thumb Code   332  daddsub_clz.o(x$fpl$dadd)
    __fpl_dcheck_NaN1                        0x08002fc9   Thumb Code    10  dcheck1.o(x$fpl$dcheck1)
    __aeabi_ddiv                             0x08002fd9   Thumb Code     0  ddiv.o(x$fpl$ddiv)
    _ddiv                                    0x08002fd9   Thumb Code   552  ddiv.o(x$fpl$ddiv)
    __aeabi_i2d                              0x08003289   Thumb Code     0  dflt_clz.o(x$fpl$dflt)
    _dflt                                    0x08003289   Thumb Code    46  dflt_clz.o(x$fpl$dflt)
    __aeabi_dmul                             0x080032b9   Thumb Code     0  dmul.o(x$fpl$dmul)
    _dmul                                    0x080032b9   Thumb Code   332  dmul.o(x$fpl$dmul)
    __fpl_dnaninf                            0x0800340d   Thumb Code   156  dnaninf.o(x$fpl$dnaninf)
    __fpl_dretinf                            0x080034a9   Thumb Code    12  dretinf.o(x$fpl$dretinf)
    __aeabi_dsub                             0x080034b5   Thumb Code     0  daddsub_clz.o(x$fpl$dsub)
    _dsub                                    0x080034b5   Thumb Code   464  daddsub_clz.o(x$fpl$dsub)
    __aeabi_fadd                             0x08003689   Thumb Code     0  faddsub_clz.o(x$fpl$fadd)
    _fadd                                    0x08003689   Thumb Code   196  faddsub_clz.o(x$fpl$fadd)
    __fpl_fcheck_NaN1                        0x0800374d   Thumb Code     6  fcheck1.o(x$fpl$fcheck1)
    __fpl_fcmp_Inf                           0x08003759   Thumb Code    24  fcmpi.o(x$fpl$fcmpinf)
    __aeabi_fdiv                             0x08003771   Thumb Code     0  fdiv.o(x$fpl$fdiv)
    _fdiv                                    0x08003771   Thumb Code   384  fdiv.o(x$fpl$fdiv)
    __aeabi_i2f                              0x080038f5   Thumb Code     0  fflt_clz.o(x$fpl$fflt)
    _fflt                                    0x080038f5   Thumb Code    48  fflt_clz.o(x$fpl$fflt)
    __aeabi_cfcmple                          0x08003925   Thumb Code     0  fleqf.o(x$fpl$fleqf)
    _fcmple                                  0x08003925   Thumb Code   104  fleqf.o(x$fpl$fleqf)
    __fpl_fcmple_InfNaN                      0x08003977   Thumb Code     0  fleqf.o(x$fpl$fleqf)
    __aeabi_fmul                             0x0800398d   Thumb Code     0  fmul.o(x$fpl$fmul)
    _fmul                                    0x0800398d   Thumb Code   258  fmul.o(x$fpl$fmul)
    __fpl_fnaninf                            0x08003a8f   Thumb Code   140  fnaninf.o(x$fpl$fnaninf)
    __fpl_fretinf                            0x08003b1b   Thumb Code    10  fretinf.o(x$fpl$fretinf)
    __aeabi_frsub                            0x08003b25   Thumb Code     0  faddsub_clz.o(x$fpl$frsb)
    _frsb                                    0x08003b25   Thumb Code    20  faddsub_clz.o(x$fpl$frsb)
    __aeabi_fsub                             0x08003b39   Thumb Code     0  faddsub_clz.o(x$fpl$fsub)
    _fsub                                    0x08003b39   Thumb Code   234  faddsub_clz.o(x$fpl$fsub)
    _printf_fp_dec                           0x08003c23   Thumb Code     4  printf1.o(x$fpl$printf1)
    __fpl_return_NaN                         0x08003c27   Thumb Code   100  retnan.o(x$fpl$retnan)
    __ARM_scalbn                             0x08003c8b   Thumb Code    92  scalbn.o(x$fpl$scalbn)
    __ARM_scalbnf                            0x08003ce7   Thumb Code    76  scalbnf.o(x$fpl$scalbnf)
    __fpl_cmpreturn                          0x08003d33   Thumb Code    48  trapv.o(x$fpl$trapveneer)
    __I$use$fp                               0x08003d62   Number         0  usenofp.o(x$fpl$usenofp)
    theta                                    0x08003d64   Data          24  main.o(.constdata)
    sigma                                    0x08003d7c   Data          24  main.o(.constdata)
    classPriors                              0x08003d94   Data          12  main.o(.constdata)
    AHBPrescTable                            0x08003dd2   Data          16  system_stm32f1xx.o(.constdata)
    APBPrescTable                            0x08003de2   Data           8  system_stm32f1xx.o(.constdata)
    Region$$Table$$Base                      0x08003ec0   Number         0  anon$$obj.o(Region$$Table)
    Region$$Table$$Limit                     0x08003ee0   Number         0  anon$$obj.o(Region$$Table)
    SystemCoreClock                          0x20000000   Data           4  system_stm32f1xx.o(.data)
    uwTickFreq                               0x20000004   Data           1  stm32f1xx_hal.o(.data)
    uwTickPrio                               0x20000008   Data           4  stm32f1xx_hal.o(.data)
    uwTick                                   0x2000000c   Data           4  stm32f1xx_hal.o(.data)
    huart2                                   0x20000010   Data          64  main.o(.bss)
    S                                        0x20000050   Data          24  main.o(.bss)
    hdma_usart2_tx                           0x20000068   Data          68  main.o(.bss)
    _random_number_data                      0x200000ac   Data         228  rand.o(.bss)
    __libspace_start                         0x20000190   Data          96  libspace.o(.bss)
    __temporary_stack_top$libspace           0x200001f0   Data           0  libspace.o(.bss)



==============================================================================

Memory Map of the image

  Image Entry point : 0x080000ed

  Load Region LR_IROM1 (Base: 0x08000000, Size: 0x00003f0c, Max: 0x00010000, ABSOLUTE)

    Execution Region ER_IROM1 (Exec base: 0x08000000, Load base: 0x08000000, Size: 0x00003efc, Max: 0x00010000, ABSOLUTE)

    Exec Addr    Load Addr    Size         Type   Attr      Idx    E Section Name        Object

    0x08000000   0x08000000   0x000000ec   Data   RO          401    RESET               startup_stm32f103xb.o
    0x080000ec   0x080000ec   0x00000008   Code   RO         5662  * !!!main             c_w.l(__main.o)
    0x080000f4   0x080000f4   0x00000034   Code   RO         6070    !!!scatter          c_w.l(__scatter.o)
    0x08000128   0x08000128   0x0000001a   Code   RO         6072    !!handler_copy      c_w.l(__scatter_copy.o)
    0x08000142   0x08000142   0x00000002   PAD
    0x08000144   0x08000144   0x0000001c   Code   RO         6074    !!handler_zi        c_w.l(__scatter_zi.o)
    0x08000160   0x08000160   0x00000000   Code   RO         5646    .ARM.Collect$$_printf_percent$$00000000  c_w.l(_printf_percent.o)
    0x08000160   0x08000160   0x00000006   Code   RO         5645    .ARM.Collect$$_printf_percent$$00000003  c_w.l(_printf_f.o)
    0x08000166   0x08000166   0x00000006   Code   RO         5644    .ARM.Collect$$_printf_percent$$0000000A  c_w.l(_printf_u.o)
    0x0800016c   0x0800016c   0x00000004   Code   RO         5799    .ARM.Collect$$_printf_percent$$00000017  c_w.l(_printf_percent_end.o)
    0x08000170   0x08000170   0x00000002   Code   RO         5992    .ARM.Collect$$libinit$$00000000  c_w.l(libinit.o)
    0x08000172   0x08000172   0x00000000   Code   RO         5801    .ARM.Collect$$libinit$$00000002  c_w.l(libinit2.o)
    0x08000172   0x08000172   0x00000000   Code   RO         5803    .ARM.Collect$$libinit$$00000004  c_w.l(libinit2.o)
    0x08000172   0x08000172   0x00000000   Code   RO         5806    .ARM.Collect$$libinit$$0000000A  c_w.l(libinit2.o)
    0x08000172   0x08000172   0x00000000   Code   RO         5808    .ARM.Collect$$libinit$$0000000C  c_w.l(libinit2.o)
    0x08000172   0x08000172   0x00000004   Code   RO         5809    .ARM.Collect$$libinit$$0000000D  c_w.l(libinit2.o)
    0x08000176   0x08000176   0x00000000   Code   RO         5810    .ARM.Collect$$libinit$$0000000E  c_w.l(libinit2.o)
    0x08000176   0x08000176   0x00000006   Code   RO         5811    .ARM.Collect$$libinit$$0000000F  c_w.l(libinit2.o)
    0x0800017c   0x0800017c   0x00000000   Code   RO         5813    .ARM.Collect$$libinit$$00000011  c_w.l(libinit2.o)
    0x0800017c   0x0800017c   0x00000000   Code   RO         5815    .ARM.Collect$$libinit$$00000013  c_w.l(libinit2.o)
    0x0800017c   0x0800017c   0x00000000   Code   RO         5817    .ARM.Collect$$libinit$$00000015  c_w.l(libinit2.o)
    0x0800017c   0x0800017c   0x0000000a   Code   RO         5818    .ARM.Collect$$libinit$$00000016  c_w.l(libinit2.o)
    0x08000186   0x08000186   0x00000000   Code   RO         5819    .ARM.Collect$$libinit$$00000017  c_w.l(libinit2.o)
    0x08000186   0x08000186   0x00000000   Code   RO         5821    .ARM.Collect$$libinit$$00000019  c_w.l(libinit2.o)
    0x08000186   0x08000186   0x00000000   Code   RO         5823    .ARM.Collect$$libinit$$0000001B  c_w.l(libinit2.o)
    0x08000186   0x08000186   0x00000000   Code   RO         5825    .ARM.Collect$$libinit$$0000001D  c_w.l(libinit2.o)
    0x08000186   0x08000186   0x00000000   Code   RO         5827    .ARM.Collect$$libinit$$0000001F  c_w.l(libinit2.o)
    0x08000186   0x08000186   0x00000000   Code   RO         5829    .ARM.Collect$$libinit$$00000021  c_w.l(libinit2.o)
    0x08000186   0x08000186   0x00000000   Code   RO         5831    .ARM.Collect$$libinit$$00000023  c_w.l(libinit2.o)
    0x08000186   0x08000186   0x00000000   Code   RO         5833    .ARM.Collect$$libinit$$00000025  c_w.l(libinit2.o)
    0x08000186   0x08000186   0x00000000   Code   RO         5837    .ARM.Collect$$libinit$$0000002C  c_w.l(libinit2.o)
    0x08000186   0x08000186   0x00000000   Code   RO         5839    .ARM.Collect$$libinit$$0000002E  c_w.l(libinit2.o)
    0x08000186   0x08000186   0x00000000   Code   RO         5841    .ARM.Collect$$libinit$$00000030  c_w.l(libinit2.o)
    0x08000186   0x08000186   0x00000000   Code   RO         5843    .ARM.Collect$$libinit$$00000032  c_w.l(libinit2.o)
    0x08000186   0x08000186   0x00000002   Code   RO         5844    .ARM.Collect$$libinit$$00000033  c_w.l(libinit2.o)
    0x08000188   0x08000188   0x00000002   Code   RO         6035    .ARM.Collect$$libshutdown$$00000000  c_w.l(libshutdown.o)
    0x0800018a   0x0800018a   0x00000000   Code   RO         6051    .ARM.Collect$$libshutdown$$00000002  c_w.l(libshutdown2.o)
    0x0800018a   0x0800018a   0x00000000   Code   RO         6053    .ARM.Collect$$libshutdown$$00000004  c_w.l(libshutdown2.o)
    0x0800018a   0x0800018a   0x00000000   Code   RO         6055    .ARM.Collect$$libshutdown$$00000006  c_w.l(libshutdown2.o)
    0x0800018a   0x0800018a   0x00000000   Code   RO         6058    .ARM.Collect$$libshutdown$$00000009  c_w.l(libshutdown2.o)
    0x0800018a   0x0800018a   0x00000000   Code   RO         6061    .ARM.Collect$$libshutdown$$0000000C  c_w.l(libshutdown2.o)
    0x0800018a   0x0800018a   0x00000000   Code   RO         6063    .ARM.Collect$$libshutdown$$0000000E  c_w.l(libshutdown2.o)
    0x0800018a   0x0800018a   0x00000000   Code   RO         6066    .ARM.Collect$$libshutdown$$00000011  c_w.l(libshutdown2.o)
    0x0800018a   0x0800018a   0x00000002   Code   RO         6067    .ARM.Collect$$libshutdown$$00000012  c_w.l(libshutdown2.o)
    0x0800018c   0x0800018c   0x00000000   Code   RO         5784    .ARM.Collect$$rtentry$$00000000  c_w.l(__rtentry.o)
    0x0800018c   0x0800018c   0x00000000   Code   RO         5902    .ARM.Collect$$rtentry$$00000002  c_w.l(__rtentry2.o)
    0x0800018c   0x0800018c   0x00000006   Code   RO         5914    .ARM.Collect$$rtentry$$00000004  c_w.l(__rtentry4.o)
    0x08000192   0x08000192   0x00000000   Code   RO         5904    .ARM.Collect$$rtentry$$00000009  c_w.l(__rtentry2.o)
    0x08000192   0x08000192   0x00000004   Code   RO         5905    .ARM.Collect$$rtentry$$0000000A  c_w.l(__rtentry2.o)
    0x08000196   0x08000196   0x00000000   Code   RO         5907    .ARM.Collect$$rtentry$$0000000C  c_w.l(__rtentry2.o)
    0x08000196   0x08000196   0x00000008   Code   RO         5908    .ARM.Collect$$rtentry$$0000000D  c_w.l(__rtentry2.o)
    0x0800019e   0x0800019e   0x00000002   Code   RO         5997    .ARM.Collect$$rtexit$$00000000  c_w.l(rtexit.o)
    0x080001a0   0x080001a0   0x00000000   Code   RO         6017    .ARM.Collect$$rtexit$$00000002  c_w.l(rtexit2.o)
    0x080001a0   0x080001a0   0x00000004   Code   RO         6018    .ARM.Collect$$rtexit$$00000003  c_w.l(rtexit2.o)
    0x080001a4   0x080001a4   0x00000006   Code   RO         6019    .ARM.Collect$$rtexit$$00000004  c_w.l(rtexit2.o)
    0x080001aa   0x080001aa   0x00000002   PAD
    0x080001ac   0x080001ac   0x00000034   Code   RO         5647    .emb_text           c_w.l(rand.o)
    0x080001e0   0x080001e0   0x00000040   Code   RO          402    .text               startup_stm32f103xb.o
    0x08000220   0x08000220   0x00000028   Code   RO         5618    .text               c_w.l(noretval__2sprintf.o)
    0x08000248   0x08000248   0x00000078   Code   RO         5622    .text               c_w.l(_printf_dec.o)
    0x080002c0   0x080002c0   0x000000b8   Code   RO         5627    .text               c_w.l(__printf_ss.o)
    0x08000378   0x08000378   0x0000003c   Code   RO         5648    .text               c_w.l(rand.o)
    0x080003b4   0x080003b4   0x0000003e   Code   RO         5652    .text               c_w.l(strlen.o)
    0x080003f2   0x080003f2   0x00000064   Code   RO         5654    .text               c_w.l(rt_memcpy_w.o)
    0x08000456   0x08000456   0x00000006   Code   RO         5660    .text               c_w.l(heapauxi.o)
    0x0800045c   0x0800045c   0x00000016   Code   RO         5789    .text               c_w.l(_rserrno.o)
    0x08000472   0x08000472   0x000000b2   Code   RO         5791    .text               c_w.l(_printf_intcommon.o)
    0x08000524   0x08000524   0x0000041e   Code   RO         5793    .text               c_w.l(_printf_fp_dec.o)
    0x08000942   0x08000942   0x00000002   PAD
    0x08000944   0x08000944   0x00000030   Code   RO         5795    .text               c_w.l(_printf_char_common.o)
    0x08000974   0x08000974   0x0000000a   Code   RO         5797    .text               c_w.l(_sputc.o)
    0x0800097e   0x0800097e   0x00000002   PAD
    0x08000980   0x08000980   0x00000008   Code   RO         5921    .text               c_w.l(rt_locale_intlibspace.o)
    0x08000988   0x08000988   0x00000008   Code   RO         5926    .text               c_w.l(rt_errno_addr_intlibspace.o)
    0x08000990   0x08000990   0x0000008a   Code   RO         5928    .text               c_w.l(lludiv10.o)
    0x08000a1a   0x08000a1a   0x00000002   PAD
    0x08000a1c   0x08000a1c   0x00000080   Code   RO         5930    .text               c_w.l(_printf_fp_infnan.o)
    0x08000a9c   0x08000a9c   0x000000e4   Code   RO         5934    .text               c_w.l(bigflt0.o)
    0x08000b80   0x08000b80   0x00000008   Code   RO         5970    .text               c_w.l(libspace.o)
    0x08000b88   0x08000b88   0x0000004a   Code   RO         5973    .text               c_w.l(sys_stackheap_outer.o)
    0x08000bd2   0x08000bd2   0x00000012   Code   RO         5975    .text               c_w.l(exit.o)
    0x08000be4   0x08000be4   0x00000080   Code   RO         5981    .text               c_w.l(strcmpv7m.o)
    0x08000c64   0x08000c64   0x0000000c   Code   RO         6011    .text               c_w.l(sys_exit.o)
    0x08000c70   0x08000c70   0x00000002   Code   RO         6013    .text               c_w.l(use_no_semi.o)
    0x08000c72   0x08000c72   0x00000000   Code   RO         6015    .text               c_w.l(indicate_semi.o)
    0x08000c72   0x08000c72   0x0000003e   Code   RO         5937    CL$$btod_d2e        c_w.l(btod.o)
    0x08000cb0   0x08000cb0   0x00000046   Code   RO         5939    CL$$btod_d2e_denorm_low  c_w.l(btod.o)
    0x08000cf6   0x08000cf6   0x00000060   Code   RO         5938    CL$$btod_d2e_norm_op1  c_w.l(btod.o)
    0x08000d56   0x08000d56   0x00000338   Code   RO         5947    CL$$btod_div_common  c_w.l(btod.o)
    0x0800108e   0x0800108e   0x000000dc   Code   RO         5944    CL$$btod_e2e        c_w.l(btod.o)
    0x0800116a   0x0800116a   0x0000002a   Code   RO         5941    CL$$btod_ediv       c_w.l(btod.o)
    0x08001194   0x08001194   0x0000002a   Code   RO         5940    CL$$btod_emul       c_w.l(btod.o)
    0x080011be   0x080011be   0x00000244   Code   RO         5946    CL$$btod_mult_common  c_w.l(btod.o)
    0x08001402   0x08001402   0x00000002   Code   RO          119    i.BusFault_Handler  stm32f1xx_it.o
    0x08001404   0x08001404   0x0000000c   Code   RO          120    i.DMA1_Channel7_IRQHandler  stm32f1xx_it.o
    0x08001410   0x08001410   0x00000002   Code   RO          121    i.DebugMon_Handler  stm32f1xx_it.o
    0x08001412   0x08001412   0x00000002   PAD
    0x08001414   0x08001414   0x00000098   Code   RO          671    i.HAL_DMA_Abort_IT  stm32f1xx_hal_dma.o
    0x080014ac   0x080014ac   0x00000168   Code   RO          675    i.HAL_DMA_IRQHandler  stm32f1xx_hal_dma.o
    0x08001614   0x08001614   0x0000006c   Code   RO          676    i.HAL_DMA_Init      stm32f1xx_hal_dma.o
    0x08001680   0x08001680   0x00000024   Code   RO         1171    i.HAL_Delay         stm32f1xx_hal.o
    0x080016a4   0x080016a4   0x000001ec   Code   RO          767    i.HAL_GPIO_Init     stm32f1xx_hal_gpio.o
    0x08001890   0x08001890   0x00000008   Code   RO          770    i.HAL_GPIO_TogglePin  stm32f1xx_hal_gpio.o
    0x08001898   0x08001898   0x0000000e   Code   RO          771    i.HAL_GPIO_WritePin  stm32f1xx_hal_gpio.o
    0x080018a6   0x080018a6   0x00000002   PAD
    0x080018a8   0x080018a8   0x0000000c   Code   RO         1175    i.HAL_GetTick       stm32f1xx_hal.o
    0x080018b4   0x080018b4   0x00000010   Code   RO         1179    i.HAL_IncTick       stm32f1xx_hal.o
    0x080018c4   0x080018c4   0x00000024   Code   RO         1180    i.HAL_Init          stm32f1xx_hal.o
    0x080018e8   0x080018e8   0x00000044   Code   RO         1181    i.HAL_InitTick      stm32f1xx_hal.o
    0x0800192c   0x0800192c   0x00000080   Code   RO            4    i.HAL_MspInit       stm32f1xx_hal_msp.o
    0x080019ac   0x080019ac   0x0000001a   Code   RO          518    i.HAL_NVIC_EnableIRQ  stm32f1xx_hal_cortex.o
    0x080019c6   0x080019c6   0x00000002   PAD
    0x080019c8   0x080019c8   0x00000040   Code   RO          524    i.HAL_NVIC_SetPriority  stm32f1xx_hal_cortex.o
    0x08001a08   0x08001a08   0x00000024   Code   RO          525    i.HAL_NVIC_SetPriorityGrouping  stm32f1xx_hal_cortex.o
    0x08001a2c   0x08001a2c   0x00000164   Code   RO          410    i.HAL_RCC_ClockConfig  stm32f1xx_hal_rcc.o
    0x08001b90   0x08001b90   0x0000000c   Code   RO          415    i.HAL_RCC_GetHCLKFreq  stm32f1xx_hal_rcc.o
    0x08001b9c   0x08001b9c   0x00000020   Code   RO          417    i.HAL_RCC_GetPCLK1Freq  stm32f1xx_hal_rcc.o
    0x08001bbc   0x08001bbc   0x00000020   Code   RO          418    i.HAL_RCC_GetPCLK2Freq  stm32f1xx_hal_rcc.o
    0x08001bdc   0x08001bdc   0x00000074   Code   RO          419    i.HAL_RCC_GetSysClockFreq  stm32f1xx_hal_rcc.o
    0x08001c50   0x08001c50   0x00000358   Code   RO          422    i.HAL_RCC_OscConfig  stm32f1xx_hal_rcc.o
    0x08001fa8   0x08001fa8   0x0000001c   Code   RO          527    i.HAL_SYSTICK_CLKSourceConfig  stm32f1xx_hal_cortex.o
    0x08001fc4   0x08001fc4   0x00000002   Code   RO          528    i.HAL_SYSTICK_Callback  stm32f1xx_hal_cortex.o
    0x08001fc6   0x08001fc6   0x00000028   Code   RO          529    i.HAL_SYSTICK_Config  stm32f1xx_hal_cortex.o
    0x08001fee   0x08001fee   0x00000008   Code   RO          530    i.HAL_SYSTICK_IRQHandler  stm32f1xx_hal_cortex.o
    0x08001ff6   0x08001ff6   0x00000002   Code   RO         1416    i.HAL_UART_ErrorCallback  stm32f1xx_hal_uart.o
    0x08001ff8   0x08001ff8   0x00000110   Code   RO         1419    i.HAL_UART_IRQHandler  stm32f1xx_hal_uart.o
    0x08002108   0x08002108   0x00000064   Code   RO         1420    i.HAL_UART_Init     stm32f1xx_hal_uart.o
    0x0800216c   0x0800216c   0x000000b8   Code   RO            6    i.HAL_UART_MspInit  stm32f1xx_hal_msp.o
    0x08002224   0x08002224   0x00000002   Code   RO         1426    i.HAL_UART_RxCpltCallback  stm32f1xx_hal_uart.o
    0x08002226   0x08002226   0x000000cc   Code   RO         1428    i.HAL_UART_Transmit  stm32f1xx_hal_uart.o
    0x080022f2   0x080022f2   0x00000002   Code   RO         1431    i.HAL_UART_TxCpltCallback  stm32f1xx_hal_uart.o
    0x080022f4   0x080022f4   0x00000002   Code   RO          122    i.HardFault_Handler  stm32f1xx_it.o
    0x080022f6   0x080022f6   0x00000002   PAD
    0x080022f8   0x080022f8   0x0000002c   Code   RO          207    i.MX_DMA_Init       main.o
    0x08002324   0x08002324   0x000000ac   Code   RO          208    i.MX_GPIO_Init      main.o
    0x080023d0   0x080023d0   0x0000004c   Code   RO          209    i.MX_USART2_UART_Init  main.o
    0x0800241c   0x0800241c   0x00000002   Code   RO          123    i.MemManage_Handler  stm32f1xx_it.o
    0x0800241e   0x0800241e   0x00000002   Code   RO          124    i.NMI_Handler       stm32f1xx_it.o
    0x08002420   0x08002420   0x00000120   Code   RO          210    i.NaiveBayes        main.o
    0x08002540   0x08002540   0x000000a0   Code   RO          211    i.NaiveBayesParams  main.o
    0x080025e0   0x080025e0   0x00000002   Code   RO          125    i.PendSV_Handler    stm32f1xx_it.o
    0x080025e2   0x080025e2   0x00000002   PAD
    0x080025e4   0x080025e4   0x00000024   Code   RO          423    i.RCC_Delay         stm32f1xx_hal_rcc.o
    0x08002608   0x08002608   0x00000002   Code   RO          126    i.SVC_Handler       stm32f1xx_it.o
    0x0800260a   0x0800260a   0x0000000e   Code   RO          127    i.SysTick_Handler   stm32f1xx_it.o
    0x08002618   0x08002618   0x00000078   Code   RO          212    i.SystemClock_Config  main.o
    0x08002690   0x08002690   0x00000048   Code   RO          365    i.SystemInit        system_stm32f1xx.o
    0x080026d8   0x080026d8   0x00000010   Code   RO         1433    i.UART_DMAAbortOnError  stm32f1xx_hal_uart.o
    0x080026e8   0x080026e8   0x0000001c   Code   RO         1443    i.UART_EndRxTransfer  stm32f1xx_hal_uart.o
    0x08002704   0x08002704   0x0000001a   Code   RO         1444    i.UART_EndTransmit_IT  stm32f1xx_hal_uart.o
    0x0800271e   0x0800271e   0x0000009c   Code   RO         1446    i.UART_Receive_IT   stm32f1xx_hal_uart.o
    0x080027ba   0x080027ba   0x00000002   PAD
    0x080027bc   0x080027bc   0x0000019c   Code   RO         1447    i.UART_SetConfig    stm32f1xx_hal_uart.o
    0x08002958   0x08002958   0x00000066   Code   RO         1448    i.UART_Transmit_IT  stm32f1xx_hal_uart.o
    0x080029be   0x080029be   0x00000064   Code   RO         1449    i.UART_WaitOnFlagUntilTimeout  stm32f1xx_hal_uart.o
    0x08002a22   0x08002a22   0x00000002   PAD
    0x08002a24   0x08002a24   0x0000000c   Code   RO          128    i.USART2_IRQHandler  stm32f1xx_it.o
    0x08002a30   0x08002a30   0x00000002   Code   RO          129    i.UsageFault_Handler  stm32f1xx_it.o
    0x08002a32   0x08002a32   0x00000002   Code   RO          213    i._Error_Handler    main.o
    0x08002a34   0x08002a34   0x00000028   Code   RO         5968    i.__ARM_fpclassify  m_ws.l(fpclassify.o)
    0x08002a5c   0x08002a5c   0x00000020   Code   RO          531    i.__NVIC_SetPriority  stm32f1xx_hal_cortex.o
    0x08002a7c   0x08002a7c   0x0000000a   Code   RO         5884    i.__mathlib_flt_divzero  m_ws.l(funder.o)
    0x08002a86   0x08002a86   0x00000006   Code   RO         5885    i.__mathlib_flt_infnan  m_ws.l(funder.o)
    0x08002a8c   0x08002a8c   0x00000008   Code   RO         5887    i.__mathlib_flt_invalid  m_ws.l(funder.o)
    0x08002a94   0x08002a94   0x00000044   Code   RO          214    i._random           main.o
    0x08002ad8   0x08002ad8   0x000000d0   Code   RO         2177    i.arm_gaussian_naive_bayes_predict_f32  bayesfunctions.o
    0x08002ba8   0x08002ba8   0x0000003c   Code   RO         4293    i.arm_max_f32       statisticsfunctions.o
    0x08002be4   0x08002be4   0x00000190   Code   RO         5749    i.logf              m_ws.l(logf.o)
    0x08002d74   0x08002d74   0x00000074   Code   RO          215    i.main              main.o
    0x08002de8   0x08002de8   0x0000002c   Code   RO         5960    locale$$code        c_w.l(lc_numeric_c.o)
    0x08002e14   0x08002e14   0x00000062   Code   RO         5664    x$fpl$d2f           fz_ws.l(d2f.o)
    0x08002e76   0x08002e76   0x00000002   PAD
    0x08002e78   0x08002e78   0x00000150   Code   RO         5666    x$fpl$dadd          fz_ws.l(daddsub_clz.o)
    0x08002fc8   0x08002fc8   0x00000010   Code   RO         5845    x$fpl$dcheck1       fz_ws.l(dcheck1.o)
    0x08002fd8   0x08002fd8   0x000002b0   Code   RO         5673    x$fpl$ddiv          fz_ws.l(ddiv.o)
    0x08003288   0x08003288   0x0000002e   Code   RO         5679    x$fpl$dflt          fz_ws.l(dflt_clz.o)
    0x080032b6   0x080032b6   0x00000002   PAD
    0x080032b8   0x080032b8   0x00000154   Code   RO         5684    x$fpl$dmul          fz_ws.l(dmul.o)
    0x0800340c   0x0800340c   0x0000009c   Code   RO         5849    x$fpl$dnaninf       fz_ws.l(dnaninf.o)
    0x080034a8   0x080034a8   0x0000000c   Code   RO         5851    x$fpl$dretinf       fz_ws.l(dretinf.o)
    0x080034b4   0x080034b4   0x000001d4   Code   RO         5668    x$fpl$dsub          fz_ws.l(daddsub_clz.o)
    0x08003688   0x08003688   0x000000c4   Code   RO         5688    x$fpl$fadd          fz_ws.l(faddsub_clz.o)
    0x0800374c   0x0800374c   0x0000000c   Code   RO         5853    x$fpl$fcheck1       fz_ws.l(fcheck1.o)
    0x08003758   0x08003758   0x00000018   Code   RO         5855    x$fpl$fcmpinf       fz_ws.l(fcmpi.o)
    0x08003770   0x08003770   0x00000184   Code   RO         5695    x$fpl$fdiv          fz_ws.l(fdiv.o)
    0x080038f4   0x080038f4   0x00000030   Code   RO         5711    x$fpl$fflt          fz_ws.l(fflt_clz.o)
    0x08003924   0x08003924   0x00000068   Code   RO         5716    x$fpl$fleqf         fz_ws.l(fleqf.o)
    0x0800398c   0x0800398c   0x00000102   Code   RO         5718    x$fpl$fmul          fz_ws.l(fmul.o)
    0x08003a8e   0x08003a8e   0x0000008c   Code   RO         5857    x$fpl$fnaninf       fz_ws.l(fnaninf.o)
    0x08003b1a   0x08003b1a   0x0000000a   Code   RO         5859    x$fpl$fretinf       fz_ws.l(fretinf.o)
    0x08003b24   0x08003b24   0x00000014   Code   RO         5689    x$fpl$frsb          fz_ws.l(faddsub_clz.o)
    0x08003b38   0x08003b38   0x000000ea   Code   RO         5690    x$fpl$fsub          fz_ws.l(faddsub_clz.o)
    0x08003c22   0x08003c22   0x00000004   Code   RO         5722    x$fpl$printf1       fz_ws.l(printf1.o)
    0x08003c26   0x08003c26   0x00000064   Code   RO         5966    x$fpl$retnan        fz_ws.l(retnan.o)
    0x08003c8a   0x08003c8a   0x0000005c   Code   RO         5724    x$fpl$scalbn        fz_ws.l(scalbn.o)
    0x08003ce6   0x08003ce6   0x0000004c   Code   RO         5726    x$fpl$scalbnf       fz_ws.l(scalbnf.o)
    0x08003d32   0x08003d32   0x00000030   Code   RO         5993    x$fpl$trapveneer    fz_ws.l(trapv.o)
    0x08003d62   0x08003d62   0x00000000   Code   RO         5867    x$fpl$usenofp       fz_ws.l(usenofp.o)
    0x08003d62   0x08003d62   0x00000002   PAD
    0x08003d64   0x08003d64   0x0000006e   Data   RO          219    .constdata          main.o
    0x08003dd2   0x08003dd2   0x00000010   Data   RO          366    .constdata          system_stm32f1xx.o
    0x08003de2   0x08003de2   0x00000008   Data   RO          367    .constdata          system_stm32f1xx.o
    0x08003dea   0x08003dea   0x00000002   PAD
    0x08003dec   0x08003dec   0x00000040   Data   RO         5750    .constdata          m_ws.l(logf.o)
    0x08003e2c   0x08003e2c   0x00000094   Data   RO         5935    .constdata          c_w.l(bigflt0.o)
    0x08003ec0   0x08003ec0   0x00000020   Data   RO         6068    Region$$Table       anon$$obj.o
    0x08003ee0   0x08003ee0   0x0000001c   Data   RO         5959    locale$$data        c_w.l(lc_numeric_c.o)


    Execution Region RW_IRAM1 (Exec base: 0x20000000, Load base: 0x08003efc, Size: 0x000007f0, Max: 0x00005000, ABSOLUTE)

    Exec Addr    Load Addr    Size         Type   Attr      Idx    E Section Name        Object

    0x20000000   0x08003efc   0x00000004   Data   RW          368    .data               system_stm32f1xx.o
    0x20000004   0x08003f00   0x0000000c   Data   RW         1187    .data               stm32f1xx_hal.o
    0x20000010        -       0x00000058   Zero   RW          217    .bss                main.o
    0x20000068        -       0x00000044   Zero   RW          218    .bss                main.o
    0x200000ac        -       0x000000e4   Zero   RW         5649    .bss                c_w.l(rand.o)
    0x20000190        -       0x00000060   Zero   RW         5971    .bss                c_w.l(libspace.o)
    0x200001f0        -       0x00000200   Zero   RW          400    HEAP                startup_stm32f103xb.o
    0x200003f0        -       0x00000400   Zero   RW          399    STACK               startup_stm32f103xb.o


==============================================================================

Image component sizes


      Code (inc. data)   RO Data    RW Data    ZI Data      Debug   Object Name

       208          4          0          0          0       1915   bayesfunctions.o
      1046        250        110          0        156       8177   main.o
        64         26        236          0       1536        784   startup_stm32f103xb.o
        60          0          0          0          0       1346   statisticsfunctions.o
       168         28          0         12          0       3893   stm32f1xx_hal.o
       236         14          0          0          0      30977   stm32f1xx_hal_cortex.o
       620         38          0          0          0       2883   stm32f1xx_hal_dma.o
       514         32          0          0          0       3413   stm32f1xx_hal_gpio.o
       312         58          0          0          0     407166   stm32f1xx_hal_msp.o
      1440        100          0          0          0       6632   stm32f1xx_hal_rcc.o
      1422          8          0          0          0       9667   stm32f1xx_hal_uart.o
        54         12          0          0          0       4773   stm32f1xx_it.o
        72         16         24          4          0       1175   system_stm32f1xx.o

    ----------------------------------------------------------------------
      6230        586        404         16       1692     482801   Object Totals
         0          0         32          0          0          0   (incl. Generated)
        14          0          2          0          0          0   (incl. Padding)

    ----------------------------------------------------------------------

      Code (inc. data)   RO Data    RW Data    ZI Data      Debug   Library Member Name

         8          0          0          0          0         68   __main.o
       184          0          0          0          0         84   __printf_ss.o
         0          0          0          0          0          0   __rtentry.o
        12          0          0          0          0          0   __rtentry2.o
         6          0          0          0          0          0   __rtentry4.o
        52          8          0          0          0          0   __scatter.o
        26          0          0          0          0          0   __scatter_copy.o
        28          0          0          0          0          0   __scatter_zi.o
        48          6          0          0          0         96   _printf_char_common.o
       120         16          0          0          0         92   _printf_dec.o
         6          0          0          0          0          0   _printf_f.o
      1054          0          0          0          0        216   _printf_fp_dec.o
       128         16          0          0          0         84   _printf_fp_infnan.o
       178          0          0          0          0         88   _printf_intcommon.o
         0          0          0          0          0          0   _printf_percent.o
         4          0          0          0          0          0   _printf_percent_end.o
         6          0          0          0          0          0   _printf_u.o
        22          0          0          0          0        100   _rserrno.o
        10          0          0          0          0         68   _sputc.o
       228          4        148          0          0         96   bigflt0.o
      1936        128          0          0          0        672   btod.o
        18          0          0          0          0         80   exit.o
         6          0          0          0          0        152   heapauxi.o
         0          0          0          0          0          0   indicate_semi.o
        44         10         28          0          0         76   lc_numeric_c.o
         2          0          0          0          0          0   libinit.o
        22          0          0          0          0          0   libinit2.o
         2          0          0          0          0          0   libshutdown.o
         2          0          0          0          0          0   libshutdown2.o
         8          4          0          0         96         68   libspace.o
       138          0          0          0          0         80   lludiv10.o
        40          6          0          0          0         84   noretval__2sprintf.o
       112         18          0          0        228        160   rand.o
         8          4          0          0          0         68   rt_errno_addr_intlibspace.o
         8          4          0          0          0         68   rt_locale_intlibspace.o
       100          0          0          0          0         80   rt_memcpy_w.o
         2          0          0          0          0          0   rtexit.o
        10          0          0          0          0          0   rtexit2.o
       128          0          0          0          0         68   strcmpv7m.o
        62          0          0          0          0         76   strlen.o
        12          4          0          0          0         68   sys_exit.o
        74          0          0          0          0         80   sys_stackheap_outer.o
         2          0          0          0          0         68   use_no_semi.o
        98          4          0          0          0         92   d2f.o
       804         16          0          0          0        272   daddsub_clz.o
        16          4          0          0          0         68   dcheck1.o
       688        140          0          0          0        208   ddiv.o
        46          0          0          0          0         68   dflt_clz.o
       340         12          0          0          0        104   dmul.o
       156          4          0          0          0         92   dnaninf.o
        12          0          0          0          0         68   dretinf.o
       450          8          0          0          0        236   faddsub_clz.o
        12          4          0          0          0         68   fcheck1.o
        24          0          0          0          0         68   fcmpi.o
       388         76          0          0          0         96   fdiv.o
        48          0          0          0          0         68   fflt_clz.o
       104          4          0          0          0         84   fleqf.o
       258          4          0          0          0         84   fmul.o
       140          4          0          0          0         84   fnaninf.o
        10          0          0          0          0         68   fretinf.o
         4          0          0          0          0         68   printf1.o
       100          0          0          0          0         68   retnan.o
        92          0          0          0          0         68   scalbn.o
        76          0          0          0          0         68   scalbnf.o
        48          0          0          0          0         68   trapv.o
         0          0          0          0          0          0   usenofp.o
        40          0          0          0          0         68   fpclassify.o
        24          0          0          0          0        204   funder.o
       400         38         64          0          0        132   logf.o

    ----------------------------------------------------------------------
      9250        546        240          0        324       5512   Library Totals
        16          0          0          0          0          0   (incl. Padding)

    ----------------------------------------------------------------------

      Code (inc. data)   RO Data    RW Data    ZI Data      Debug   Library Name

      4856        228        176          0        324       2940   c_w.l
      3914        280          0          0          0       2168   fz_ws.l
       464         38         64          0          0        404   m_ws.l

    ----------------------------------------------------------------------
      9250        546        240          0        324       5512   Library Totals

    ----------------------------------------------------------------------

==============================================================================


      Code (inc. data)   RO Data    RW Data    ZI Data      Debug   

     15480       1132        644         16       2016     482069   Grand Totals
     15480       1132        644         16       2016     482069   ELF Image Totals
     15480       1132        644         16          0          0   ROM Totals

==============================================================================

    Total RO  Size (Code + RO Data)                16124 (  15.75kB)
    Total RW  Size (RW Data + ZI Data)              2032 (   1.98kB)
    Total ROM Size (Code + RO Data + RW Data)      16140 (  15.76kB)

==============================================================================

